Component: Arm Compiler for Embedded 6.24 Tool: armlink [5f371500]

==============================================================================

Section Cross References

    main.o(.ARM.exidx.text.DMA_ADC1_Process) refers to main.o(.text.DMA_ADC1_Process) for [Anonymous Symbol]
    main.o(.text.main) refers to rcc.o(.text.RCC_Config_8Mhz) for RCC_Config_8Mhz
    main.o(.text.main) refers to rcc.o(.text.RCC_Enable_PortA) for RCC_Enable_PortA
    main.o(.text.main) refers to rcc.o(.text.RCC_Enable_AFIO) for RCC_Enable_AFIO
    main.o(.text.main) refers to rcc.o(.text.RCC_Enable_ADC1) for RCC_Enable_ADC1
    main.o(.text.main) refers to rcc.o(.text.RCC_Enable_DMA) for RCC_Enable_DMA
    main.o(.text.main) refers to rcc.o(.text.RCC_Enable_Tim2) for RCC_Enable_Tim2
    main.o(.text.main) refers to rcc.o(.text.RCC_Enable_CAN1) for RCC_Enable_CAN1
    main.o(.text.main) refers to rcc.o(.text.RCC_Enable_USART1) for RCC_Enable_USART1
    main.o(.text.main) refers to gpio.o(.text.GPIO_Config) for GPIO_Config
    main.o(.text.main) refers to main.o(.bss.adc_value) for adc_value
    main.o(.text.main) refers to dma.o(.text.DMA_ADC1_Init) for DMA_ADC1_Init
    main.o(.text.main) refers to adc.o(.text.ADC1_CH0_Init) for ADC1_CH0_Init
    main.o(.text.main) refers to can.o(.text.CAN1_Init) for CAN1_Init
    main.o(.text.main) refers to uart.o(.text.USART1_Init) for USART1_Init
    main.o(.text.main) refers to dma.o(.text.DMA_USART1_Init) for DMA_USART1_Init
    main.o(.text.main) refers to main.o(.text.DMA_ADC1_Process) for DMA_ADC1_Process
    main.o(.text.main) refers to fflt_clz.o(x$fpl$ffltu) for __aeabi_ui2f
    main.o(.text.main) refers to fdiv.o(x$fpl$fdiv) for __aeabi_fdiv
    main.o(.text.main) refers to fmul.o(x$fpl$fmul) for __aeabi_fmul
    main.o(.text.main) refers to main.o(.data.v_offset) for v_offset
    main.o(.text.main) refers to faddsub_clz.o(x$fpl$fsub) for __aeabi_fsub
    main.o(.text.main) refers to main.o(.data.Sens) for Sens
    main.o(.text.main) refers to fcmp.o(x$fpl$fcmp) for __aeabi_fcmpge
    main.o(.text.main) refers to main.o(.bss.torque_Nm) for torque_Nm
    main.o(.text.main) refers to can.o(.bss.Status_Hub) for Status_Hub
    main.o(.text.main) refers to fflt_clz.o(x$fpl$fflt) for __aeabi_i2f
    main.o(.text.main) refers to main.o(.bss.ERPM_H) for ERPM_H
    main.o(.text.main) refers to main.o(.bss.Current_H) for Current_H
    main.o(.text.main) refers to main.o(.bss.Duty_Cycle_H) for Duty_Cycle_H
    main.o(.text.main) refers to main.o(.bss.Current_In_H) for Current_In_H
    main.o(.text.main) refers to main.o(.bss.Volts_In_H) for Volts_In_H
    main.o(.text.main) refers to can.o(.bss.Status_Load) for Status_Load
    main.o(.text.main) refers to main.o(.bss.ERPM_L) for ERPM_L
    main.o(.text.main) refers to main.o(.bss.Current_L) for Current_L
    main.o(.text.main) refers to main.o(.bss.Duty_Cycle_L) for Duty_Cycle_L
    main.o(.text.main) refers to main.o(.bss.Current_In_L) for Current_In_L
    main.o(.text.main) refers to main.o(.bss.Volts_In_L) for Volts_In_L
    main.o(.text.main) refers to main.o(.bss.RPM_H) for RPM_H
    main.o(.text.main) refers to main.o(.bss.Speed_Kpm) for Speed_Kpm
    main.o(.text.main) refers to gpio.o(.text.GPIO_Read_Pin) for GPIO_Read_Pin
    main.o(.text.main) refers to main.o(.bss.Num_Load_Level) for Num_Load_Level
    main.o(.text.main) refers to can.o(.text.VESC_SET_CURRENT_BRAKE) for VESC_SET_CURRENT_BRAKE
    main.o(.text.main) refers to main.o(.text.Telemetry_Send) for Telemetry_Send
    main.o(.ARM.exidx.text.main) refers to main.o(.text.main) for [Anonymous Symbol]
    main.o(.text.Telemetry_Send) refers to main.o(.bss.Num_Load_Level) for Num_Load_Level
    main.o(.text.Telemetry_Send) refers to fflt_clz.o(x$fpl$ffltu) for __aeabi_ui2f
    main.o(.text.Telemetry_Send) refers to main.o(.bss.Buffer_data) for Buffer_data
    main.o(.text.Telemetry_Send) refers to main.o(.bss.torque_Nm) for torque_Nm
    main.o(.text.Telemetry_Send) refers to can.o(.bss.Status_Hub) for Status_Hub
    main.o(.text.Telemetry_Send) refers to fflt_clz.o(x$fpl$fflt) for __aeabi_i2f
    main.o(.text.Telemetry_Send) refers to main.o(.bss.Speed_Kpm) for Speed_Kpm
    main.o(.text.Telemetry_Send) refers to can.o(.bss.Status_Load) for Status_Load
    main.o(.text.Telemetry_Send) refers to main.o(.bss.tx_buffer) for tx_buffer
    main.o(.text.Telemetry_Send) refers to rt_memcpy_v6.o(.text) for __aeabi_memcpy
    main.o(.text.Telemetry_Send) refers to dma.o(.text.DMA_USART1_Start) for DMA_USART1_Start
    main.o(.ARM.exidx.text.Telemetry_Send) refers to main.o(.text.Telemetry_Send) for [Anonymous Symbol]
    rcc.o(.ARM.exidx.text.RCC_Config_72Mhz) refers to rcc.o(.text.RCC_Config_72Mhz) for [Anonymous Symbol]
    rcc.o(.ARM.exidx.text.RCC_Config_8Mhz) refers to rcc.o(.text.RCC_Config_8Mhz) for [Anonymous Symbol]
    rcc.o(.ARM.exidx.text.RCC_Enable_PortA) refers to rcc.o(.text.RCC_Enable_PortA) for [Anonymous Symbol]
[...]
    uart.o(.text.USART1_Init) refers to exti.o(.text.NVIC_USART1_En) for NVIC_USART1_En
    uart.o(.ARM.exidx.text.USART1_Init) refers to uart.o(.text.USART1_Init) for [Anonymous Symbol]
    uart.o(.text.USART1_SendString) refers to uart.o(.text.USART1_SendChar) for USART1_SendChar
    uart.o(.ARM.exidx.text.USART1_SendString) refers to uart.o(.text.USART1_SendString) for [Anonymous Symbol]
    can.o(.text.CAN1_Init) refers to rcc.o(.text.RCC_Enable_PortA) for RCC_Enable_PortA
    can.o(.text.CAN1_Init) refers to rcc.o(.text.RCC_Enable_AFIO) for RCC_Enable_AFIO
    can.o(.text.CAN1_Init) refers to rcc.o(.text.RCC_Enable_CAN1) for RCC_Enable_CAN1
    can.o(.text.CAN1_Init) refers to gpio.o(.text.GPIO_Config) for GPIO_Config
    can.o(.text.CAN1_Init) refers to can.o(.text.NVIC_CAN1_En) for NVIC_CAN1_En
    can.o(.ARM.exidx.text.CAN1_Init) refers to can.o(.text.CAN1_Init) for [Anonymous Symbol]
    can.o(.ARM.exidx.text.NVIC_CAN1_En) refers to can.o(.text.NVIC_CAN1_En) for [Anonymous Symbol]
    can.o(.ARM.exidx.text.CAN1_Send) refers to can.o(.text.CAN1_Send) for [Anonymous Symbol]
    can.o(.ARM.exidx.text.CAN1_MessagePending) refers to can.o(.text.CAN1_MessagePending) for [Anonymous Symbol]
    can.o(.ARM.exidx.text.CAN1_Receive) refers to can.o(.text.CAN1_Receive) for [Anonymous Symbol]
    can.o(.text.CAN1_Process_Frame) refers to can.o(.bss.Status_Hub) for Status_Hub
    can.o(.text.CAN1_Process_Frame) refers to can.o(.bss.Status_Load) for Status_Load
    can.o(.ARM.exidx.text.CAN1_Process_Frame) refers to can.o(.text.CAN1_Process_Frame) for [Anonymous Symbol]
    can.o(.text.USB_LP_CAN1_RX0_IRQHandler) refers to can.o(.text.CAN1_Receive) for CAN1_Receive
    can.o(.text.USB_LP_CAN1_RX0_IRQHandler) refers to can.o(.text.CAN1_Process_Frame) for CAN1_Process_Frame
    can.o(.ARM.exidx.text.USB_LP_CAN1_RX0_IRQHandler) refers to can.o(.text.USB_LP_CAN1_RX0_IRQHandler) for [Anonymous Symbol]
    can.o(.text.CAN1_SCE_IRQHandler) refers to can.o(.bss.CAN1_LastESR) for CAN1_LastESR
    can.o(.text.CAN1_SCE_IRQHandler) refers to can.o(.bss.CAN1_LastErr) for CAN1_LastErr
    can.o(.ARM.exidx.text.CAN1_SCE_IRQHandler) refers to can.o(.text.CAN1_SCE_IRQHandler) for [Anonymous Symbol]
    can.o(.text.VESC_SET_CURRENT_BRAKE) refers to fmul.o(x$fpl$fmul) for __aeabi_fmul
    can.o(.text.VESC_SET_CURRENT_BRAKE) refers to ffixu.o(x$fpl$ffixu) for __aeabi_f2uiz
    can.o(.text.VESC_SET_CURRENT_BRAKE) refers to can.o(.text.CAN1_Send) for CAN1_Send
    can.o(.ARM.exidx.text.VESC_SET_CURRENT_BRAKE) refers to can.o(.text.VESC_SET_CURRENT_BRAKE) for [Anonymous Symbol]
    dma.o(.text.DMA_Init) refers to rcc.o(.text.RCC_Enable_DMA) for RCC_Enable_DMA
    dma.o(.ARM.exidx.text.DMA_Init) refers to dma.o(.text.DMA_Init) for [Anonymous Symbol]
    dma.o(.ARM.exidx.text.DMA_ADC1_Init) refers to dma.o(.text.DMA_ADC1_Init) for [Anonymous Symbol]
    dma.o(.text.DMA_USART1_Init) refers to exti.o(.text.NVIC_DMA_USART_En) for NVIC_DMA_USART_En
    dma.o(.ARM.exidx.text.DMA_USART1_Init) refers to dma.o(.text.DMA_USART1_Init) for [Anonymous Symbol]
    dma.o(.text.DMA_USART1_Start) refers to dma.o(.bss.dma_usart1_busy) for dma_usart1_busy
    dma.o(.ARM.exidx.text.DMA_USART1_Start) refers to dma.o(.text.DMA_USART1_Start) for [Anonymous Symbol]
    dma.o(.text.DMA1_Channel4_IRQHandler) refers to dma.o(.bss.dma_usart1_busy) for dma_usart1_busy
    dma.o(.ARM.exidx.text.DMA1_Channel4_IRQHandler) refers to dma.o(.text.DMA1_Channel4_IRQHandler) for [Anonymous Symbol]
    startup_stm32f10x_md.o(STACK) refers (Special) to heapauxi.o(.text) for __use_two_region_memory
    startup_stm32f10x_md.o(HEAP) refers (Special) to heapauxi.o(.text) for __use_two_region_memory
    startup_stm32f10x_md.o(RESET) refers (Special) to heapauxi.o(.text) for __use_two_region_memory
    startup_stm32f10x_md.o(RESET) refers to startup_stm32f10x_md.o(STACK) for __initial_sp
    startup_stm32f10x_md.o(RESET) refers to startup_stm32f10x_md.o(.text) for Reset_Handler
    startup_stm32f10x_md.o(RESET) refers to dma.o(.text.DMA1_Channel4_IRQHandler) for DMA1_Channel4_IRQHandler
    startup_stm32f10x_md.o(RESET) refers to can.o(.text.USB_LP_CAN1_RX0_IRQHandler) for USB_LP_CAN1_RX0_IRQHandler
    startup_stm32f10x_md.o(RESET) refers to can.o(.text.CAN1_SCE_IRQHandler) for CAN1_SCE_IRQHandler
    startup_stm32f10x_md.o(RESET) refers to tim.o(.text.TIM2_IRQHandler) for TIM2_IRQHandler
    startup_stm32f10x_md.o(RESET) refers to uart.o(.text.USART1_IRQHandler) for USART1_IRQHandler
    startup_stm32f10x_md.o(.text) refers (Special) to heapauxi.o(.text) for __use_two_region_memory
    startup_stm32f10x_md.o(.text) refers to __main.o(!!!main) for __main
    startup_stm32f10x_md.o(.text) refers to startup_stm32f10x_md.o(HEAP) for Heap_Mem
    startup_stm32f10x_md.o(.text) refers to startup_stm32f10x_md.o(STACK) for Stack_Mem
    system_stm32f10x.o(.text.SystemInit) refers to system_stm32f10x.o(.text.SetSysClock) for SetSysClock
    system_stm32f10x.o(.ARM.exidx.text.SystemInit) refers to system_stm32f10x.o(.text.SystemInit) for [Anonymous Symbol]
    system_stm32f10x.o(.text.SetSysClock) refers to system_stm32f10x.o(.text.SetSysClockTo72) for SetSysClockTo72
    system_stm32f10x.o(.ARM.exidx.text.SetSysClock) refers to system_stm32f10x.o(.text.SetSysClock) for [Anonymous Symbol]
    system_stm32f10x.o(.text.SystemCoreClockUpdate) refers to system_stm32f10x.o(.data.SystemCoreClock) for SystemCoreClock
    system_stm32f10x.o(.text.SystemCoreClockUpdate) refers to system_stm32f10x.o(.rodata.AHBPrescTable) for AHBPrescTable
    system_stm32f10x.o(.ARM.exidx.text.SystemCoreClockUpdate) refers to system_stm32f10x.o(.text.SystemCoreClockUpdate) for [Anonymous Symbol]
    system_stm32f10x.o(.ARM.exidx.text.SetSysClockTo72) refers to system_stm32f10x.o(.text.SetSysClockTo72) for [Anonymous Symbol]
    rt_memcpy_v6.o(.text) refers to rt_memcpy_w.o(.text) for __aeabi_memcpy4
    __main.o(!!!main) refers to __rtentry.o(.ARM.Collect$$rtentry$$00000000) for __rt_entry
    faddsub_clz.o(x$fpl$fadd) refers (Special) to usenofp.o(x$fpl$usenofp) for __I$use$fp
    faddsub_clz.o(x$fpl$fadd) refers to faddsub_clz.o(x$fpl$fsub) for _fsub1
    faddsub_clz.o(x$fpl$fadd) refers to fretinf.o(x$fpl$fretinf) for __fpl_fretinf
    faddsub_clz.o(x$fpl$fadd) refers to fnaninf.o(x$fpl$fnaninf) for __fpl_fnaninf
    faddsub_clz.o(x$fpl$frsb) refers (Special) to usenofp.o(x$fpl$usenofp) for __I$use$fp
    faddsub_clz.o(x$fpl$frsb) refers to faddsub_clz.o(x$fpl$fadd) for _fadd1
    faddsub_clz.o(x$fpl$frsb) refers to faddsub_clz.o(x$fpl$fsub) for _fsub1
    faddsub_clz.o(x$fpl$fsub) refers (Special) to usenofp.o(x$fpl$usenofp) for __I$use$fp
    faddsub_clz.o(x$fpl$fsub) refers to faddsub_clz.o(x$fpl$fadd) for _fadd1
    faddsub_clz.o(x$fpl$fsub) refers to fnaninf.o(x$fpl$fnaninf) for __fpl_fnaninf
    fcmp.o(x$fpl$fcmp) refers (Special) to usenofp.o(x$fpl$usenofp) for __I$use$fp
    fcmp.o(x$fpl$fcmp) refers to feqf.o(x$fpl$feqf) for _fcmpeq
    fcmp.o(x$fpl$fcmp) refers to fgeqf.o(x$fpl$fgeqf) for _fcmpge
    fcmp.o(x$fpl$fcmp) refers to fleqf.o(x$fpl$fleqf) for _fcmple
    fdiv.o(x$fpl$frdiv) refers (Special) to usenofp.o(x$fpl$usenofp) for __I$use$fp
    fdiv.o(x$fpl$frdiv) refers to fdiv.o(x$fpl$fdiv) for _fdiv1
    fdiv.o(x$fpl$fdiv) refers (Special) to usenofp.o(x$fpl$usenofp) for __I$use$fp
    fdiv.o(x$fpl$fdiv) refers to fretinf.o(x$fpl$fretinf) for __fpl_fretinf
    fdiv.o(x$fpl$fdiv) refers to fnaninf.o(x$fpl$fnaninf) for __fpl_fnaninf
    ffixu.o(x$fpl$ffixu) refers (Special) to usenofp.o(x$fpl$usenofp) for __I$use$fp
    ffixu.o(x$fpl$ffixu) refers to fnaninf.o(x$fpl$fnaninf) for __fpl_fnaninf
    ffixu.o(x$fpl$ffixur) refers (Special) to usenofp.o(x$fpl$usenofp) for __I$use$fp
    ffixu.o(x$fpl$ffixur) refers to fnaninf.o(x$fpl$fnaninf) for __fpl_fnaninf
    fflt_clz.o(x$fpl$ffltu) refers (Special) to usenofp.o(x$fpl$usenofp) for __I$use$fp
    fflt_clz.o(x$fpl$fflt) refers (Special) to usenofp.o(x$fpl$usenofp) for __I$use$fp
    fflt_clz.o(x$fpl$ffltn) refers (Special) to usenofp.o(x$fpl$usenofp) for __I$use$fp
    fmul.o(x$fpl$fmul) refers (Special) to usenofp.o(x$fpl$usenofp) for __I$use$fp
    fmul.o(x$fpl$fmul) refers to fretinf.o(x$fpl$fretinf) for __fpl_fretinf
    fmul.o(x$fpl$fmul) refers to fnaninf.o(x$fpl$fnaninf) for __fpl_fnaninf
    __rtentry.o(.ARM.Collect$$rtentry$$00000000) refers (Special) to __rtentry2.o(.ARM.Collect$$rtentry$$0000000A) for __rt_entry_li
    __rtentry.o(.ARM.Collect$$rtentry$$00000000) refers (Special) to __rtentry2.o(.ARM.Collect$$rtentry$$0000000D) for __rt_entry_main
    __rtentry.o(.ARM.Collect$$rtentry$$00000000) refers (Special) to __rtentry2.o(.ARM.Collect$$rtentry$$0000000C) for __rt_entry_postli_1
    __rtentry.o(.ARM.Collect$$rtentry$$00000000) refers (Special) to __rtentry2.o(.ARM.Collect$$rtentry$$00000009) for __rt_entry_postsh_1
    __rtentry.o(.ARM.Collect$$rtentry$$00000000) refers (Special) to __rtentry2.o(.ARM.Collect$$rtentry$$00000002) for __rt_entry_presh_1
    __rtentry.o(.ARM.Collect$$rtentry$$00000000) refers (Special) to __rtentry4.o(.ARM.Collect$$rtentry$$00000004) for __rt_entry_sh
    feqf.o(x$fpl$feqf) refers (Special) to usenofp.o(x$fpl$usenofp) for __I$use$fp
    feqf.o(x$fpl$feqf) refers to fnaninf.o(x$fpl$fnaninf) for __fpl_fnaninf
    feqf.o(x$fpl$feqf) refers to fcmpi.o(x$fpl$fcmpinf) for __fpl_fcmp_Inf
    fgeqf.o(x$fpl$fgeqf) refers (Special) to usenofp.o(x$fpl$usenofp) for __I$use$fp
    fgeqf.o(x$fpl$fgeqf) refers to fnaninf.o(x$fpl$fnaninf) for __fpl_fnaninf
    fgeqf.o(x$fpl$fgeqf) refers to fcmpi.o(x$fpl$fcmpinf) for __fpl_fcmp_Inf
    fleqf.o(x$fpl$fleqf) refers (Special) to usenofp.o(x$fpl$usenofp) for __I$use$fp
    fleqf.o(x$fpl$fleqf) refers to fnaninf.o(x$fpl$fnaninf) for __fpl_fnaninf
    fleqf.o(x$fpl$fleqf) refers to fcmpi.o(x$fpl$fcmpinf) for __fpl_fcmp_Inf
    fnaninf.o(x$fpl$fnaninf) refers (Special) to usenofp.o(x$fpl$usenofp) for __I$use$fp
    fretinf.o(x$fpl$fretinf) refers (Special) to usenofp.o(x$fpl$usenofp) for __I$use$fp
    __rtentry2.o(.ARM.Collect$$rtentry$$00000008) refers to boardinit2.o(.text) for _platform_post_stackheap_init
    __rtentry2.o(.ARM.Collect$$rtentry$$0000000A) refers to libinit.o(.ARM.Collect$$libinit$$00000000) for __rt_lib_init
    __rtentry2.o(.ARM.Collect$$rtentry$$0000000B) refers to boardinit3.o(.text) for _platform_post_lib_init
    __rtentry2.o(.ARM.Collect$$rtentry$$0000000D) refers to main.o(.text.main) for main
    __rtentry2.o(.ARM.Collect$$rtentry$$0000000D) refers to exit.o(.text) for exit
    __rtentry2.o(.ARM.exidx) refers to __rtentry2.o(.ARM.Collect$$rtentry$$00000001) for .ARM.Collect$$rtentry$$00000001
    __rtentry2.o(.ARM.exidx) refers to __rtentry2.o(.ARM.Collect$$rtentry$$00000008) for .ARM.Collect$$rtentry$$00000008
    __rtentry2.o(.ARM.exidx) refers to __rtentry2.o(.ARM.Collect$$rtentry$$0000000A) for .ARM.Collect$$rtentry$$0000000A
    __rtentry2.o(.ARM.exidx) refers to __rtentry2.o(.ARM.Collect$$rtentry$$0000000B) for .ARM.Collect$$rtentry$$0000000B
    __rtentry2.o(.ARM.exidx) refers to __rtentry2.o(.ARM.Collect$$rtentry$$0000000D) for .ARM.Collect$$rtentry$$0000000D
    __rtentry4.o(.ARM.Collect$$rtentry$$00000004) refers to sys_stackheap_outer.o(.text) for __user_setup_stackheap
    __rtentry4.o(.ARM.exidx) refers to __rtentry4.o(.ARM.Collect$$rtentry$$00000004) for .ARM.Collect$$rtentry$$00000004
    fcmpi.o(x$fpl$fcmpinf) refers (Special) to usenofp.o(x$fpl$usenofp) for __I$use$fp
    sys_stackheap_outer.o(.text) refers to libspace.o(.text) for __user_perproc_libspace
    sys_stackheap_outer.o(.text) refers to startup_stm32f10x_md.o(.text) for __user_initial_stackheap
    exit.o(.text) refers to rtexit.o(.ARM.Collect$$rtexit$$00000000) for __rt_exit
    libinit.o(.ARM.Collect$$libinit$$00000000) refers (Special) to libinit2.o(.ARM.Collect$$libinit$$00000030) for __rt_lib_init_alloca_1
    libinit.o(.ARM.Collect$$libinit$$00000000) refers (Special) to libinit2.o(.ARM.Collect$$libinit$$0000002E) for __rt_lib_init_argv_1
    libinit.o(.ARM.Collect$$libinit$$00000000) refers (Special) to libinit2.o(.ARM.Collect$$libinit$$0000001D) for __rt_lib_init_atexit_1
    libinit.o(.ARM.Collect$$libinit$$00000000) refers (Special) to libinit2.o(.ARM.Collect$$libinit$$00000023) for __rt_lib_init_clock_1
    libinit.o(.ARM.Collect$$libinit$$00000000) refers (Special) to libinit2.o(.ARM.Collect$$libinit$$00000034) for __rt_lib_init_cpp_1
    libinit.o(.ARM.Collect$$libinit$$00000000) refers (Special) to libinit2.o(.ARM.Collect$$libinit$$00000032) for __rt_lib_init_exceptions_1
    libinit.o(.ARM.Collect$$libinit$$00000000) refers (Special) to libinit2.o(.ARM.Collect$$libinit$$00000002) for __rt_lib_init_fp_1
    libinit.o(.ARM.Collect$$libinit$$00000000) refers (Special) to libinit2.o(.ARM.Collect$$libinit$$00000021) for __rt_lib_init_fp_trap_1
    libinit.o(.ARM.Collect$$libinit$$00000000) refers (Special) to libinit2.o(.ARM.Collect$$libinit$$00000025) for __rt_lib_init_getenv_1
    libinit.o(.ARM.Collect$$libinit$$00000000) refers (Special) to libinit2.o(.ARM.Collect$$libinit$$0000000C) for __rt_lib_init_heap_1
    libinit.o(.ARM.Collect$$libinit$$00000000) refers (Special) to libinit2.o(.ARM.Collect$$libinit$$00000013) for __rt_lib_init_lc_collate_1
    libinit.o(.ARM.Collect$$libinit$$00000000) refers (Special) to libinit2.o(.ARM.Collect$$libinit$$00000015) for __rt_lib_init_lc_ctype_1
    libinit.o(.ARM.Collect$$libinit$$00000000) refers (Special) to libinit2.o(.ARM.Collect$$libinit$$00000017) for __rt_lib_init_lc_monetary_1
    libinit.o(.ARM.Collect$$libinit$$00000000) refers (Special) to libinit2.o(.ARM.Collect$$libinit$$00000019) for __rt_lib_init_lc_numeric_1
    libinit.o(.ARM.Collect$$libinit$$00000000) refers (Special) to libinit2.o(.ARM.Collect$$libinit$$0000001B) for __rt_lib_init_lc_time_1
    libinit.o(.ARM.Collect$$libinit$$00000000) refers (Special) to libinit2.o(.ARM.Collect$$libinit$$00000006) for __rt_lib_init_preinit_1
    libinit.o(.ARM.Collect$$libinit$$00000000) refers (Special) to libinit2.o(.ARM.Collect$$libinit$$00000010) for __rt_lib_init_rand_1
    libinit.o(.ARM.Collect$$libinit$$00000000) refers (Special) to libinit2.o(.ARM.Collect$$libinit$$00000004) for __rt_lib_init_relocate_pie_1
    libinit.o(.ARM.Collect$$libinit$$00000000) refers (Special) to libinit2.o(.ARM.Collect$$libinit$$00000035) for __rt_lib_init_return
    libinit.o(.ARM.Collect$$libinit$$00000000) refers (Special) to libinit2.o(.ARM.Collect$$libinit$$0000001F) for __rt_lib_init_signal_1
    libinit.o(.ARM.Collect$$libinit$$00000000) refers (Special) to libinit2.o(.ARM.Collect$$libinit$$00000027) for __rt_lib_init_stdio_1
    libinit.o(.ARM.Collect$$libinit$$00000000) refers (Special) to libinit2.o(.ARM.Collect$$libinit$$0000000E) for __rt_lib_init_user_alloc_1
    libspace.o(.text) refers to libspace.o(.bss) for __libspace_start
    rtexit.o(.ARM.Collect$$rtexit$$00000000) refers (Special) to rtexit2.o(.ARM.Collect$$rtexit$$00000004) for __rt_exit_exit
    rtexit.o(.ARM.Collect$$rtexit$$00000000) refers (Special) to rtexit2.o(.ARM.Collect$$rtexit$$00000003) for __rt_exit_ls
    rtexit.o(.ARM.Collect$$rtexit$$00000000) refers (Special) to rtexit2.o(.ARM.Collect$$rtexit$$00000002) for __rt_exit_prels_1
    rtexit.o(.ARM.exidx) refers (Special) to rtexit2.o(.ARM.Collect$$rtexit$$00000004) for __rt_exit_exit
    rtexit.o(.ARM.exidx) refers (Special) to rtexit2.o(.ARM.Collect$$rtexit$$00000003) for __rt_exit_ls
    rtexit.o(.ARM.exidx) refers (Special) to rtexit2.o(.ARM.Collect$$rtexit$$00000002) for __rt_exit_prels_1
    rtexit.o(.ARM.exidx) refers to rtexit.o(.ARM.Collect$$rtexit$$00000000) for .ARM.Collect$$rtexit$$00000000
    libinit2.o(.ARM.Collect$$libinit$$00000012) refers to libinit2.o(.ARM.Collect$$libinit$$00000011) for .ARM.Collect$$libinit$$00000011
    libinit2.o(.ARM.Collect$$libinit$$00000014) refers to libinit2.o(.ARM.Collect$$libinit$$00000011) for .ARM.Collect$$libinit$$00000011
    libinit2.o(.ARM.Collect$$libinit$$00000016) refers to libinit2.o(.ARM.Collect$$libinit$$00000011) for .ARM.Collect$$libinit$$00000011
    libinit2.o(.ARM.Collect$$libinit$$00000018) refers to libinit2.o(.ARM.Collect$$libinit$$00000011) for .ARM.Collect$$libinit$$00000011
    libinit2.o(.ARM.Collect$$libinit$$0000001A) refers to libinit2.o(.ARM.Collect$$libinit$$00000011) for .ARM.Collect$$libinit$$00000011
    libinit2.o(.ARM.Collect$$libinit$$00000028) refers to argv_veneer.o(.emb_text) for __ARM_argv_veneer
    libinit2.o(.ARM.Collect$$libinit$$00000029) refers to argv_veneer.o(.emb_text) for __ARM_argv_veneer
    rtexit2.o(.ARM.Collect$$rtexit$$00000003) refers to libshutdown.o(.ARM.Collect$$libshutdown$$00000000) for __rt_lib_shutdown
    rtexit2.o(.ARM.Collect$$rtexit$$00000004) refers to sys_exit.o(.text) for _sys_exit
    rtexit2.o(.ARM.exidx) refers to rtexit2.o(.ARM.Collect$$rtexit$$00000001) for .ARM.Collect$$rtexit$$00000001
    rtexit2.o(.ARM.exidx) refers to rtexit2.o(.ARM.Collect$$rtexit$$00000003) for .ARM.Collect$$rtexit$$00000003
    rtexit2.o(.ARM.exidx) refers to rtexit2.o(.ARM.Collect$$rtexit$$00000004) for .ARM.Collect$$rtexit$$00000004
    argv_veneer.o(.emb_text) refers to no_argv.o(.text) for __ARM_get_argv
    sys_exit.o(.text) refers (Special) to use_no_semi.o(.text) for __I$use$semihosting
    sys_exit.o(.text) refers (Special) to indicate_semi.o(.text) for __semihosting_library_function
    sys_exit_hlt.o(.text) refers (Special) to use_no_semi.o(.text) for __I$use$semihosting
    sys_exit_hlt.o(.text) refers (Special) to indicate_semi.o(.text) for __semihosting_library_function
    _get_argv_nomalloc.o(.text) refers (Special) to hrguard.o(.text) for __heap_region$guard
    _get_argv_nomalloc.o(.text) refers to defsig_rtmem_outer.o(.text) for __rt_SIGRTMEM
    _get_argv_nomalloc.o(.text) refers to sys_command.o(.text) for _sys_command_string
    libshutdown.o(.ARM.Collect$$libshutdown$$00000000) refers (Special) to libshutdown2.o(.ARM.Collect$$libshutdown$$00000002) for __rt_lib_shutdown_cpp_1
    libshutdown.o(.ARM.Collect$$libshutdown$$00000000) refers (Special) to libshutdown2.o(.ARM.Collect$$libshutdown$$00000007) for __rt_lib_shutdown_fp_trap_1
    libshutdown.o(.ARM.Collect$$libshutdown$$00000000) refers (Special) to libshutdown2.o(.ARM.Collect$$libshutdown$$0000000F) for __rt_lib_shutdown_heap_1
    libshutdown.o(.ARM.Collect$$libshutdown$$00000000) refers (Special) to libshutdown2.o(.ARM.Collect$$libshutdown$$00000010) for __rt_lib_shutdown_return
    libshutdown.o(.ARM.Collect$$libshutdown$$00000000) refers (Special) to libshutdown2.o(.ARM.Collect$$libshutdown$$0000000A) for __rt_lib_shutdown_signal_1
    libshutdown.o(.ARM.Collect$$libshutdown$$00000000) refers (Special) to libshutdown2.o(.ARM.Collect$$libshutdown$$00000004) for __rt_lib_shutdown_stdio_1
    libshutdown.o(.ARM.Collect$$libshutdown$$00000000) refers (Special) to libshutdown2.o(.ARM.Collect$$libshutdown$$0000000C) for __rt_lib_shutdown_user_alloc_1
    sys_command.o(.text) refers (Special) to use_no_semi.o(.text) for __I$use$semihosting
    sys_command.o(.text) refers (Special) to indicate_semi.o(.text) for __semihosting_library_function
    sys_command_hlt.o(.text) refers (Special) to use_no_semi.o(.text) for __I$use$semihosting
    sys_command_hlt.o(.text) refers (Special) to indicate_semi.o(.text) for __semihosting_library_function
    defsig_rtmem_outer.o(.text) refers to defsig_rtmem_inner.o(.text) for __rt_SIGRTMEM_inner
    defsig_rtmem_outer.o(.text) refers to defsig_exit.o(.text) for __sig_exit
    defsig_rtmem_formal.o(.text) refers to rt_raise.o(.text) for __rt_raise
    rt_raise.o(.text) refers to __raise.o(.text) for __raise
    rt_raise.o(.text) refers to sys_exit.o(.text) for _sys_exit
    defsig_exit.o(.text) refers to sys_exit.o(.text) for _sys_exit
    defsig_rtmem_inner.o(.text) refers to defsig_general.o(.text) for __default_signal_display
    __raise.o(.text) refers to defsig.o(CL$$defsig) for __default_signal_handler
    defsig_general.o(.text) refers to sys_wrch.o(.text) for _ttywrch
    sys_wrch.o(.text) refers (Special) to use_no_semi.o(.text) for __I$use$semihosting
    sys_wrch.o(.text) refers (Special) to indicate_semi.o(.text) for __semihosting_library_function
    sys_wrch_hlt.o(.text) refers (Special) to use_no_semi.o(.text) for __I$use$semihosting
    sys_wrch_hlt.o(.text) refers (Special) to indicate_semi.o(.text) for __semihosting_library_function
    defsig.o(CL$$defsig) refers to defsig_rtmem_inner.o(.text) for __rt_SIGRTMEM_inner
    defsig_abrt_inner.o(.text) refers to defsig_general.o(.text) for __default_signal_display
    defsig_fpe_inner.o(.text) refers to defsig_general.o(.text) for __default_signal_display
    defsig_rtred_inner.o(.text) refers to defsig_general.o(.text) for __default_signal_display
    defsig_stak_inner.o(.text) refers to defsig_general.o(.text) for __default_signal_display
    defsig_pvfn_inner.o(.text) refers to defsig_general.o(.text) for __default_signal_display
    defsig_cppl_inner.o(.text) refers to defsig_general.o(.text) for __default_signal_display
    defsig_segv_inner.o(.text) refers to defsig_general.o(.text) for __default_signal_display
    defsig_other.o(.text) refers to defsig_general.o(.text) for __default_signal_display


==============================================================================

Removing Unused input sections from the image.

    Removing main.o(.text), (0 bytes).
    Removing main.o(.ARM.exidx.text.DMA_ADC1_Process), (8 bytes).
    Removing main.o(.ARM.exidx.text.main), (8 bytes).
    Removing main.o(.ARM.exidx.text.Telemetry_Send), (8 bytes).
    Removing main.o(.ARM.use_no_argv), (4 bytes).
    Removing rcc.o(.text), (0 bytes).
    Removing rcc.o(.text.RCC_Config_72Mhz), (196 bytes).
    Removing rcc.o(.ARM.exidx.text.RCC_Config_72Mhz), (8 bytes).
    Removing rcc.o(.ARM.exidx.text.RCC_Config_8Mhz), (8 bytes).
    Removing rcc.o(.ARM.exidx.text.RCC_Enable_PortA), (8 bytes).
    Removing rcc.o(.text.RCC_Enable_PortB), (18 bytes).
    Removing rcc.o(.ARM.exidx.text.RCC_Enable_PortB), (8 bytes).
    Removing rcc.o(.text.RCC_Enable_PortC), (18 bytes).
    Removing rcc.o(.ARM.exidx.text.RCC_Enable_PortC), (8 bytes).
    Removing rcc.o(.ARM.exidx.text.RCC_Enable_Tim2), (8 bytes).
    Removing rcc.o(.ARM.exidx.text.RCC_Enable_AFIO), (8 bytes).
    Removing rcc.o(.ARM.exidx.text.RCC_Enable_ADC1), (8 bytes).
    Removing rcc.o(.ARM.exidx.text.RCC_Enable_USART1), (8 bytes).
    Removing rcc.o(.ARM.exidx.text.RCC_Enable_CAN1), (8 bytes).
    Removing rcc.o(.ARM.exidx.text.RCC_Enable_DMA), (8 bytes).
    Removing gpio.o(.text), (0 bytes).
    Removing gpio.o(.ARM.exidx.text.GPIO_Config), (8 bytes).
    Removing gpio.o(.text.GPIO_Write_Pin), (44 bytes).
    Removing gpio.o(.ARM.exidx.text.GPIO_Write_Pin), (8 bytes).
    Removing gpio.o(.ARM.exidx.text.GPIO_Read_Pin), (8 bytes).
    Removing afio.o(.text), (0 bytes).
    Removing exti.o(.text), (0 bytes).
    Removing exti.o(.text.get_pin_number), (78 bytes).
    Removing exti.o(.ARM.exidx.text.get_pin_number), (8 bytes).
    Removing exti.o(.text.EXTI_Init), (94 bytes).
    Removing exti.o(.ARM.exidx.text.EXTI_Init), (8 bytes).
    Removing exti.o(.ARM.exidx.text.NVIC_USART1_En), (8 bytes).
    Removing exti.o(.ARM.exidx.text.NVIC_DMA_USART_En), (8 bytes).
    Removing tim.o(.text), (0 bytes).
    Removing tim.o(.text.TIM2_Init_IT), (68 bytes).
    Removing tim.o(.ARM.exidx.text.TIM2_Init_IT), (8 bytes).
    Removing tim.o(.ARM.exidx.text.TIM2_IRQHandler), (8 bytes).
    Removing tim.o(.ARM.exidx.text.delay_ms), (8 bytes).
    Removing adc.o(.text), (0 bytes).
    Removing adc.o(.ARM.exidx.text.ADC1_CH0_Init), (8 bytes).
    Removing adc.o(.text.ADC1_CH0_Read), (36 bytes).
    Removing adc.o(.ARM.exidx.text.ADC1_CH0_Read), (8 bytes).
    Removing uart.o(.text), (0 bytes).
    Removing uart.o(.ARM.exidx.text.USART1_IRQHandler), (8 bytes).
    Removing uart.o(.ARM.exidx.text.USART1_SendChar), (8 bytes).
    Removing uart.o(.ARM.exidx.text.USART1_Init), (8 bytes).
    Removing uart.o(.text.USART1_SendString), (34 bytes).
    Removing uart.o(.ARM.exidx.text.USART1_SendString), (8 bytes).
    Removing can.o(.text), (0 bytes).
    Removing can.o(.ARM.exidx.text.CAN1_Init), (8 bytes).
    Removing can.o(.ARM.exidx.text.NVIC_CAN1_En), (8 bytes).
    Removing can.o(.ARM.exidx.text.CAN1_Send), (8 bytes).
    Removing can.o(.text.CAN1_MessagePending), (16 bytes).
    Removing can.o(.ARM.exidx.text.CAN1_MessagePending), (8 bytes).
    Removing can.o(.ARM.exidx.text.CAN1_Receive), (8 bytes).
    Removing can.o(.ARM.exidx.text.CAN1_Process_Frame), (8 bytes).
    Removing can.o(.ARM.exidx.text.USB_LP_CAN1_RX0_IRQHandler), (8 bytes).
    Removing can.o(.ARM.exidx.text.CAN1_SCE_IRQHandler), (8 bytes).
    Removing can.o(.ARM.exidx.text.VESC_SET_CURRENT_BRAKE), (8 bytes).
    Removing dma.o(.text), (0 bytes).
    Removing dma.o(.text.DMA_Init), (8 bytes).
    Removing dma.o(.ARM.exidx.text.DMA_Init), (8 bytes).
    Removing dma.o(.ARM.exidx.text.DMA_ADC1_Init), (8 bytes).
    Removing dma.o(.ARM.exidx.text.DMA_USART1_Init), (8 bytes).
    Removing dma.o(.ARM.exidx.text.DMA_USART1_Start), (8 bytes).
    Removing dma.o(.ARM.exidx.text.DMA1_Channel4_IRQHandler), (8 bytes).
    Removing system_stm32f10x.o(.text), (0 bytes).
    Removing system_stm32f10x.o(.text.SystemInit), (102 bytes).
    Removing system_stm32f10x.o(.ARM.exidx.text.SystemInit), (8 bytes).
    Removing system_stm32f10x.o(.text.SetSysClock), (8 bytes).
    Removing system_stm32f10x.o(.ARM.exidx.text.SetSysClock), (8 bytes).
    Removing system_stm32f10x.o(.text.SystemCoreClockUpdate), (290 bytes).
    Removing system_stm32f10x.o(.ARM.exidx.text.SystemCoreClockUpdate), (8 bytes).
    Removing system_stm32f10x.o(.text.SetSysClockTo72), (290 bytes).
    Removing system_stm32f10x.o(.ARM.exidx.text.SetSysClockTo72), (8 bytes).
    Removing system_stm32f10x.o(.data.SystemCoreClock), (4 bytes).
    Removing system_stm32f10x.o(.rodata.AHBPrescTable), (16 bytes).

77 unused section(s) (total 1708 bytes) removed from the image.

==============================================================================

Image Symbol Table

    Local Symbols

    Symbol Name                              Value     Ov Type        Size  Object(Section)

    ../clib/angel/boardlib.s                 0x00000000   Number         0  boardinit1.o ABSOLUTE
    ../clib/angel/boardlib.s                 0x00000000   Number         0  boardinit2.o ABSOLUTE
    ../clib/angel/boardlib.s                 0x00000000   Number         0  boardinit3.o ABSOLUTE
    ../clib/angel/boardlib.s                 0x00000000   Number         0  boardshut.o ABSOLUTE
    ../clib/angel/handlers.s                 0x00000000   Number         0  __scatter_copy.o ABSOLUTE
    ../clib/angel/handlers.s                 0x00000000   Number         0  __scatter_zi.o ABSOLUTE
    ../clib/angel/kernel.s                   0x00000000   Number         0  __rtentry.o ABSOLUTE
    ../clib/angel/kernel.s                   0x00000000   Number         0  __rtentry2.o ABSOLUTE
    ../clib/angel/kernel.s                   0x00000000   Number         0  __rtentry4.o ABSOLUTE
    ../clib/angel/kernel.s                   0x00000000   Number         0  rtexit.o ABSOLUTE
    ../clib/angel/kernel.s                   0x00000000   Number         0  rtexit2.o ABSOLUTE
    ../clib/angel/rt.s                       0x00000000   Number         0  rt_raise.o ABSOLUTE
    ../clib/angel/scatter.s                  0x00000000   Number         0  __scatter.o ABSOLUTE
    ../clib/angel/startup.s                  0x00000000   Number         0  __main.o ABSOLUTE
    ../clib/angel/sys.s                      0x00000000   Number         0  sys_stackheap_outer.o ABSOLUTE
    ../clib/angel/sys.s                      0x00000000   Number         0  libspace.o ABSOLUTE
    ../clib/angel/sys.s                      0x00000000   Number         0  use_no_semi.o ABSOLUTE
    ../clib/angel/sys.s                      0x00000000   Number         0  indicate_semi.o ABSOLUTE
    ../clib/angel/sysapp.c                   0x00000000   Number         0  sys_exit.o ABSOLUTE
    ../clib/angel/sysapp.c                   0x00000000   Number         0  sys_exit_hlt.o ABSOLUTE
    ../clib/angel/sysapp.c                   0x00000000   Number         0  sys_command.o ABSOLUTE
    ../clib/angel/sysapp.c                   0x00000000   Number         0  sys_command_hlt.o ABSOLUTE
    ../clib/angel/sysapp.c                   0x00000000   Number         0  sys_wrch.o ABSOLUTE
    ../clib/angel/sysapp.c                   0x00000000   Number         0  sys_wrch_hlt.o ABSOLUTE
    ../clib/armsys.c                         0x00000000   Number         0  argv_veneer.o ABSOLUTE
    ../clib/armsys.c                         0x00000000   Number         0  argv_veneer.o ABSOLUTE
    ../clib/armsys.c                         0x00000000   Number         0  _get_argv_nomalloc.o ABSOLUTE
    ../clib/armsys.c                         0x00000000   Number         0  no_argv.o ABSOLUTE
    ../clib/heapalloc.c                      0x00000000   Number         0  hrguard.o ABSOLUTE
    ../clib/heapaux.c                        0x00000000   Number         0  heapauxi.o ABSOLUTE
    ../clib/libinit.s                        0x00000000   Number         0  libinit.o ABSOLUTE
    ../clib/libinit.s                        0x00000000   Number         0  libinit2.o ABSOLUTE
    ../clib/libinit.s                        0x00000000   Number         0  libshutdown.o ABSOLUTE
    ../clib/libinit.s                        0x00000000   Number         0  libshutdown2.o ABSOLUTE
    ../clib/memcpset.s                       0x00000000   Number         0  rt_memcpy_v6.o ABSOLUTE
    ../clib/memcpset.s                       0x00000000   Number         0  rt_memcpy_w.o ABSOLUTE
    ../clib/signal.c                         0x00000000   Number         0  defsig_rtmem_outer.o ABSOLUTE
    ../clib/signal.c                         0x00000000   Number         0  defsig_rtmem_formal.o ABSOLUTE
    ../clib/signal.c                         0x00000000   Number         0  defsig_exit.o ABSOLUTE
    ../clib/signal.c                         0x00000000   Number         0  defsig_rtmem_inner.o ABSOLUTE
    ../clib/signal.c                         0x00000000   Number         0  __raise.o ABSOLUTE
    ../clib/signal.c                         0x00000000   Number         0  defsig_general.o ABSOLUTE
    ../clib/signal.c                         0x00000000   Number         0  defsig_abrt_inner.o ABSOLUTE
    ../clib/signal.c                         0x00000000   Number         0  defsig_fpe_inner.o ABSOLUTE
    ../clib/signal.c                         0x00000000   Number         0  defsig_rtred_inner.o ABSOLUTE
    ../clib/signal.c                         0x00000000   Number         0  defsig_stak_inner.o ABSOLUTE
    ../clib/signal.c                         0x00000000   Number         0  defsig_pvfn_inner.o ABSOLUTE
    ../clib/signal.c                         0x00000000   Number         0  defsig_cppl_inner.o ABSOLUTE
    ../clib/signal.c                         0x00000000   Number         0  defsig_segv_inner.o ABSOLUTE
    ../clib/signal.c                         0x00000000   Number         0  defsig_other.o ABSOLUTE
    ../clib/signal.s                         0x00000000   Number         0  defsig.o ABSOLUTE
    ../clib/stdlib.c                         0x00000000   Number         0  exit.o ABSOLUTE
    ../fplib/faddsub.s                       0x00000000   Number         0  faddsub_clz.o ABSOLUTE
    ../fplib/fcmp.s                          0x00000000   Number         0  fcmp.o ABSOLUTE
    ../fplib/fcmpi.s                         0x00000000   Number         0  fcmpi.o ABSOLUTE
    ../fplib/fdiv.s                          0x00000000   Number         0  fdiv.o ABSOLUTE
    ../fplib/feqf.s                          0x00000000   Number         0  feqf.o ABSOLUTE
    ../fplib/ffixu.s                         0x00000000   Number         0  ffixu.o ABSOLUTE
    ../fplib/fflt.s                          0x00000000   Number         0  fflt_clz.o ABSOLUTE
    ../fplib/fgeqf.s                         0x00000000   Number         0  fgeqf.o ABSOLUTE
    ../fplib/fleqf.s                         0x00000000   Number         0  fleqf.o ABSOLUTE
    ../fplib/fmul.s                          0x00000000   Number         0  fmul.o ABSOLUTE
    ../fplib/fnaninf.s                       0x00000000   Number         0  fnaninf.o ABSOLUTE
    ../fplib/fpinit.s                        0x00000000   Number         0  fpinit.o ABSOLUTE
    ../fplib/fpinit_empty.s                  0x00000000   Number         0  fpinit_empty.o ABSOLUTE
    ../fplib/fretinf.s                       0x00000000   Number         0  fretinf.o ABSOLUTE
    ../fplib/usenofp.s                       0x00000000   Number         0  usenofp.o ABSOLUTE
    RTE/Device/STM32F103CB/startup_stm32f10x_md.s 0x00000000   Number         0  startup_stm32f10x_md.o ABSOLUTE
    adc.c                                    0x00000000   Number         0  adc.o ABSOLUTE
    afio.c                                   0x00000000   Number         0  afio.o ABSOLUTE
    can.c                                    0x00000000   Number         0  can.o ABSOLUTE
    dc.s                                     0x00000000   Number         0  dc.o ABSOLUTE
    dma.c                                    0x00000000   Number         0  dma.o ABSOLUTE
    exti.c                                   0x00000000   Number         0  exti.o ABSOLUTE
    gpio.c                                   0x00000000   Number         0  gpio.o ABSOLUTE
    main.c                                   0x00000000   Number         0  main.o ABSOLUTE
    rcc.c                                    0x00000000   Number         0  rcc.o ABSOLUTE
    system_stm32f10x.c                       0x00000000   Number         0  system_stm32f10x.o ABSOLUTE
    tim.c                                    0x00000000   Number         0  tim.o ABSOLUTE
    uart.c                                   0x00000000   Number         0  uart.o ABSOLUTE
    RESET                                    0x08000000   Section      236  startup_stm32f10x_md.o(RESET)
    !!!main                                  0x080000ec   Section        8  __main.o(!!!main)
    !!!scatter                               0x080000f4   Section       92  __scatter.o(!!!scatter)
    !!handler_copy                           0x08000150   Section       26  __scatter_copy.o(!!handler_copy)
    !!handler_null                           0x0800016c   Section        2  __scatter.o(!!handler_null)
    !!handler_zi                             0x08000170   Section       28  __scatter_zi.o(!!handler_zi)
    .ARM.Collect$$libinit$$00000000          0x0800018c   Section        2  libinit.o(.ARM.Collect$$libinit$$00000000)
    .ARM.Collect$$libinit$$00000002          0x0800018e   Section        0  libinit2.o(.ARM.Collect$$libinit$$00000002)
    .ARM.Collect$$libinit$$00000004          0x0800018e   Section        0  libinit2.o(.ARM.Collect$$libinit$$00000004)
    .ARM.Collect$$libinit$$00000006          0x0800018e   Section        0  libinit2.o(.ARM.Collect$$libinit$$00000006)
    .ARM.Collect$$libinit$$0000000C          0x0800018e   Section        0  libinit2.o(.ARM.Collect$$libinit$$0000000C)
    .ARM.Collect$$libinit$$0000000E          0x0800018e   Section        0  libinit2.o(.ARM.Collect$$libinit$$0000000E)
    .ARM.Collect$$libinit$$00000010          0x0800018e   Section        0  libinit2.o(.ARM.Collect$$libinit$$00000010)
    .ARM.Collect$$libinit$$00000013          0x0800018e   Section        0  libinit2.o(.ARM.Collect$$libinit$$00000013)
    .ARM.Collect$$libinit$$00000015          0x0800018e   Section        0  libinit2.o(.ARM.Collect$$libinit$$00000015)
    .ARM.Collect$$libinit$$00000017          0x0800018e   Section        0  libinit2.o(.ARM.Collect$$libinit$$00000017)
    .ARM.Collect$$libinit$$00000019          0x0800018e   Section        0  libinit2.o(.ARM.Collect$$libinit$$00000019)
    .ARM.Collect$$libinit$$0000001B          0x0800018e   Section        0  libinit2.o(.ARM.Collect$$libinit$$0000001B)
    .ARM.Collect$$libinit$$0000001D          0x0800018e   Section        0  libinit2.o(.ARM.Collect$$libinit$$0000001D)
    .ARM.Collect$$libinit$$0000001F          0x0800018e   Section        0  libinit2.o(.ARM.Collect$$libinit$$0000001F)
    .ARM.Collect$$libinit$$00000021          0x0800018e   Section        0  libinit2.o(.ARM.Collect$$libinit$$00000021)
    .ARM.Collect$$libinit$$00000023          0x0800018e   Section        0  libinit2.o(.ARM.Collect$$libinit$$00000023)
    .ARM.Collect$$libinit$$00000025          0x0800018e   Section        0  libinit2.o(.ARM.Collect$$libinit$$00000025)
    .ARM.Collect$$libinit$$00000027          0x0800018e   Section        0  libinit2.o(.ARM.Collect$$libinit$$00000027)
    .ARM.Collect$$libinit$$0000002E          0x0800018e   Section        0  libinit2.o(.ARM.Collect$$libinit$$0000002E)
    .ARM.Collect$$libinit$$00000030          0x0800018e   Section        0  libinit2.o(.ARM.Collect$$libinit$$00000030)
    .ARM.Collect$$libinit$$00000032          0x0800018e   Section        0  libinit2.o(.ARM.Collect$$libinit$$00000032)
    .ARM.Collect$$libinit$$00000034          0x0800018e   Section        0  libinit2.o(.ARM.Collect$$libinit$$00000034)
    .ARM.Collect$$libinit$$00000035          0x0800018e   Section        2  libinit2.o(.ARM.Collect$$libinit$$00000035)
    .ARM.Collect$$libshutdown$$00000000      0x08000190   Section        2  libshutdown.o(.ARM.Collect$$libshutdown$$00000000)
    .ARM.Collect$$libshutdown$$00000002      0x08000192   Section        0  libshutdown2.o(.ARM.Collect$$libshutdown$$00000002)
    .ARM.Collect$$libshutdown$$00000004      0x08000192   Section        0  libshutdown2.o(.ARM.Collect$$libshutdown$$00000004)
    .ARM.Collect$$libshutdown$$00000007      0x08000192   Section        0  libshutdown2.o(.ARM.Collect$$libshutdown$$00000007)
    .ARM.Collect$$libshutdown$$0000000A      0x08000192   Section        0  libshutdown2.o(.ARM.Collect$$libshutdown$$0000000A)
    .ARM.Collect$$libshutdown$$0000000C      0x08000192   Section        0  libshutdown2.o(.ARM.Collect$$libshutdown$$0000000C)
    .ARM.Collect$$libshutdown$$0000000F      0x08000192   Section        0  libshutdown2.o(.ARM.Collect$$libshutdown$$0000000F)
    .ARM.Collect$$libshutdown$$00000010      0x08000192   Section        2  libshutdown2.o(.ARM.Collect$$libshutdown$$00000010)
    .ARM.Collect$$rtentry$$00000000          0x08000194   Section        0  __rtentry.o(.ARM.Collect$$rtentry$$00000000)
    .ARM.Collect$$rtentry$$00000002          0x08000194   Section        0  __rtentry2.o(.ARM.Collect$$rtentry$$00000002)
    .ARM.Collect$$rtentry$$00000004          0x08000194   Section        6  __rtentry4.o(.ARM.Collect$$rtentry$$00000004)
    .ARM.Collect$$rtentry$$00000009          0x0800019a   Section        0  __rtentry2.o(.ARM.Collect$$rtentry$$00000009)
    .ARM.Collect$$rtentry$$0000000A          0x0800019a   Section        4  __rtentry2.o(.ARM.Collect$$rtentry$$0000000A)
    .ARM.Collect$$rtentry$$0000000C          0x0800019e   Section        0  __rtentry2.o(.ARM.Collect$$rtentry$$0000000C)
    .ARM.Collect$$rtentry$$0000000D          0x0800019e   Section        8  __rtentry2.o(.ARM.Collect$$rtentry$$0000000D)
    .ARM.Collect$$rtexit$$00000000           0x080001a6   Section        2  rtexit.o(.ARM.Collect$$rtexit$$00000000)
    .ARM.Collect$$rtexit$$00000002           0x080001a8   Section        0  rtexit2.o(.ARM.Collect$$rtexit$$00000002)
    .ARM.Collect$$rtexit$$00000003           0x080001a8   Section        4  rtexit2.o(.ARM.Collect$$rtexit$$00000003)
    .ARM.Collect$$rtexit$$00000004           0x080001ac   Section        6  rtexit2.o(.ARM.Collect$$rtexit$$00000004)
    .text                                    0x080001b4   Section       56  startup_stm32f10x_md.o(.text)
    .text                                    0x080001ec   Section      138  rt_memcpy_v6.o(.text)
    .text                                    0x08000276   Section        0  heapauxi.o(.text)
    .text                                    0x0800027c   Section      100  rt_memcpy_w.o(.text)
    .text                                    0x080002e0   Section       74  sys_stackheap_outer.o(.text)
    .text                                    0x0800032a   Section        0  exit.o(.text)
    .text                                    0x0800033c   Section        8  libspace.o(.text)
    .text                                    0x08000344   Section        0  sys_exit.o(.text)
    .text                                    0x08000350   Section        2  use_no_semi.o(.text)
    .text                                    0x08000352   Section        0  indicate_semi.o(.text)
    [Anonymous Symbol]                       0x08000354   Section        0  adc.o(.text.ADC1_CH0_Init)
    [Anonymous Symbol]                       0x08000414   Section        0  can.o(.text.CAN1_Init)
    [Anonymous Symbol]                       0x080005bc   Section        0  can.o(.text.CAN1_Process_Frame)
    [Anonymous Symbol]                       0x080006f4   Section        0  can.o(.text.CAN1_Receive)
    [Anonymous Symbol]                       0x08000804   Section        0  can.o(.text.CAN1_SCE_IRQHandler)
    [Anonymous Symbol]                       0x08000870   Section        0  can.o(.text.CAN1_Send)
    [Anonymous Symbol]                       0x08000984   Section        0  dma.o(.text.DMA1_Channel4_IRQHandler)
    [Anonymous Symbol]                       0x080009f8   Section        0  dma.o(.text.DMA_ADC1_Init)
    [Anonymous Symbol]                       0x08000aa4   Section        0  main.o(.text.DMA_ADC1_Process)
    [Anonymous Symbol]                       0x08000adc   Section        0  dma.o(.text.DMA_USART1_Init)
    [Anonymous Symbol]                       0x08000b5c   Section        0  dma.o(.text.DMA_USART1_Start)
    [Anonymous Symbol]                       0x08000bec   Section        0  gpio.o(.text.GPIO_Config)
    [Anonymous Symbol]                       0x08000d00   Section        0  gpio.o(.text.GPIO_Read_Pin)
    [Anonymous Symbol]                       0x08000d1c   Section        0  can.o(.text.NVIC_CAN1_En)
    [Anonymous Symbol]                       0x08000d38   Section        0  exti.o(.text.NVIC_DMA_USART_En)
    [Anonymous Symbol]                       0x08000d4c   Section        0  exti.o(.text.NVIC_USART1_En)
    [Anonymous Symbol]                       0x08000d60   Section        0  rcc.o(.text.RCC_Config_8Mhz)
    [Anonymous Symbol]                       0x08000de0   Section        0  rcc.o(.text.RCC_Enable_ADC1)
    [Anonymous Symbol]                       0x08000df4   Section        0  rcc.o(.text.RCC_Enable_AFIO)
    [Anonymous Symbol]                       0x08000e08   Section        0  rcc.o(.text.RCC_Enable_CAN1)
    [Anonymous Symbol]                       0x08000e1c   Section        0  rcc.o(.text.RCC_Enable_DMA)
    [Anonymous Symbol]                       0x08000e30   Section        0  rcc.o(.text.RCC_Enable_PortA)
    [Anonymous Symbol]                       0x08000e44   Section        0  rcc.o(.text.RCC_Enable_Tim2)
    [Anonymous Symbol]                       0x08000e58   Section        0  rcc.o(.text.RCC_Enable_USART1)
    [Anonymous Symbol]                       0x08000e6c   Section        0  tim.o(.text.TIM2_IRQHandler)
    Telemetry_Send                           0x08000eb9   Thumb Code   266  main.o(.text.Telemetry_Send)
    [Anonymous Symbol]                       0x08000eb8   Section        0  main.o(.text.Telemetry_Send)
    [Anonymous Symbol]                       0x08000fc4   Section        0  uart.o(.text.USART1_IRQHandler)
    [Anonymous Symbol]                       0x08001004   Section        0  uart.o(.text.USART1_Init)
    [Anonymous Symbol]                       0x080010ac   Section        0  uart.o(.text.USART1_SendChar)
    [Anonymous Symbol]                       0x080010dc   Section        0  can.o(.text.USB_LP_CAN1_RX0_IRQHandler)
    [Anonymous Symbol]                       0x0800110c   Section        0  can.o(.text.VESC_SET_CURRENT_BRAKE)
    [Anonymous Symbol]                       0x08001180   Section        0  tim.o(.text.delay_ms)
    [Anonymous Symbol]                       0x080011e0   Section        0  main.o(.text.main)
    x$fpl$fadd                               0x080015a8   Section      196  faddsub_clz.o(x$fpl$fadd)
    _fadd1                                   0x080015b7   Thumb Code     0  faddsub_clz.o(x$fpl$fadd)
    x$fpl$fcmp                               0x0800166c   Section       84  fcmp.o(x$fpl$fcmp)
    x$fpl$fcmpinf                            0x080016c0   Section       24  fcmpi.o(x$fpl$fcmpinf)
    _fdiv1                                   0x080016d9   Thumb Code     0  fdiv.o(x$fpl$fdiv)
    x$fpl$fdiv                               0x080016d8   Section      388  fdiv.o(x$fpl$fdiv)
    x$fpl$feqf                               0x0800185c   Section      104  feqf.o(x$fpl$feqf)
    x$fpl$ffixu                              0x080018c4   Section       62  ffixu.o(x$fpl$ffixu)
    x$fpl$fflt                               0x08001904   Section       48  fflt_clz.o(x$fpl$fflt)
    x$fpl$ffltu                              0x08001934   Section       38  fflt_clz.o(x$fpl$ffltu)
    x$fpl$fgeqf                              0x0800195c   Section      104  fgeqf.o(x$fpl$fgeqf)
    x$fpl$fleqf                              0x080019c4   Section      104  fleqf.o(x$fpl$fleqf)
    x$fpl$fmul                               0x08001a2c   Section      258  fmul.o(x$fpl$fmul)
    x$fpl$fnaninf                            0x08001b2e   Section      140  fnaninf.o(x$fpl$fnaninf)
    x$fpl$fretinf                            0x08001bba   Section       10  fretinf.o(x$fpl$fretinf)
    x$fpl$fsub                               0x08001bc4   Section      234  faddsub_clz.o(x$fpl$fsub)
    _fsub1                                   0x08001bd3   Thumb Code     0  faddsub_clz.o(x$fpl$fsub)
    x$fpl$usenofp                            0x08001cae   Section        0  usenofp.o(x$fpl$usenofp)
    .bss                                     0x20000008   Section       96  libspace.o(.bss)
    Buffer_data                              0x20000068   Data          52  main.o(.bss.Buffer_data)
    [Anonymous Symbol]                       0x20000068   Section        0  main.o(.bss.Buffer_data)
    adc_value                                0x20000128   Data         200  main.o(.bss.adc_value)
    [Anonymous Symbol]                       0x20000128   Section        0  main.o(.bss.adc_value)
    dma_usart1_busy                          0x200001f1   Data           1  dma.o(.bss.dma_usart1_busy)
    [Anonymous Symbol]                       0x200001f1   Section        0  dma.o(.bss.dma_usart1_busy)
    tx_buffer                                0x200001f8   Data          55  main.o(.bss.tx_buffer)
    [Anonymous Symbol]                       0x200001f8   Section        0  main.o(.bss.tx_buffer)
    Heap_Mem                                 0x20000230   Data         512  startup_stm32f10x_md.o(HEAP)
    HEAP                                     0x20000230   Section      512  startup_stm32f10x_md.o(HEAP)
    Stack_Mem                                0x20000430   Data        1024  startup_stm32f10x_md.o(STACK)
    STACK                                    0x20000430   Section     1024  startup_stm32f10x_md.o(STACK)
    __initial_sp                             0x20000830   Data           0  startup_stm32f10x_md.o(STACK)

    Global Symbols

    Symbol Name                              Value     Ov Type        Size  Object(Section)

    BuildAttributes$$THM_ISAv4$P$D$K$B$S$PE$A:L22UL41UL21$X:L11$S22US41US21$IEEE1$IW$~IW$USESV6$~STKCKD$USESV7$~SHL$OSPACE$ROPI$EBA8$UX$STANDARDLIB$REQ8$PRES8$EABIv2 0x00000000   Number         0  anon$$obj.o ABSOLUTE
    __fp_init_empty                          0x00000000   Number         0  fpinit_empty.o ABSOLUTE
    __ARM_exceptions_init                     - Undefined Weak Reference
    __alloca_initialize                       - Undefined Weak Reference
    __arm_preinit_                            - Undefined Weak Reference
    __arm_relocate_pie_                       - Undefined Weak Reference
    __cpp_initialize__aeabi_                  - Undefined Weak Reference
    __cxa_finalize                            - Undefined Weak Reference
    __rt_locale                               - Undefined Weak Reference
    __sigvec_lookup                           - Undefined Weak Reference
    _atexit_init                              - Undefined Weak Reference
    _call_atexit_fns                          - Undefined Weak Reference
    _clock_init                               - Undefined Weak Reference
    _fp_trap_init                             - Undefined Weak Reference
    _fp_trap_shutdown                         - Undefined Weak Reference
    _get_lc_collate                           - Undefined Weak Reference
    _get_lc_ctype                             - Undefined Weak Reference
    _get_lc_monetary                          - Undefined Weak Reference
    _get_lc_numeric                           - Undefined Weak Reference
    _get_lc_time                              - Undefined Weak Reference
    _getenv_init                              - Undefined Weak Reference
    _handle_redirection                       - Undefined Weak Reference
    _init_alloc                               - Undefined Weak Reference
    _init_user_alloc                          - Undefined Weak Reference
    _initio                                   - Undefined Weak Reference
    _rand_init                                - Undefined Weak Reference
    _signal_finish                            - Undefined Weak Reference
    _signal_init                              - Undefined Weak Reference
    _terminate_alloc                          - Undefined Weak Reference
    _terminate_user_alloc                     - Undefined Weak Reference
    _terminateio                              - Undefined Weak Reference
    __Vectors_Size                           0x000000ec   Number         0  startup_stm32f10x_md.o ABSOLUTE
    __Vectors                                0x08000000   Data           4  startup_stm32f10x_md.o(RESET)
    __Vectors_End                            0x080000ec   Data           0  startup_stm32f10x_md.o(RESET)
    __main                                   0x080000ed   Thumb Code     8  __main.o(!!!main)
    __scatterload                            0x080000f5   Thumb Code     0  __scatter.o(!!!scatter)
    __scatterload_rt2                        0x080000f5   Thumb Code    84  __scatter.o(!!!scatter)
    __scatterload_rt2_thumb_only             0x080000f5   Thumb Code     0  __scatter.o(!!!scatter)
    __scatterload_loop                       0x080000ff   Thumb Code     0  __scatter.o(!!!scatter)
    __scatterload_copy                       0x08000151   Thumb Code    26  __scatter_copy.o(!!handler_copy)
    __scatterload_null                       0x0800016d   Thumb Code     2  __scatter.o(!!handler_null)
    __scatterload_zeroinit                   0x08000171   Thumb Code    28  __scatter_zi.o(!!handler_zi)
    __rt_lib_init                            0x0800018d   Thumb Code     0  libinit.o(.ARM.Collect$$libinit$$00000000)
    __rt_lib_init_alloca_1                   0x0800018f   Thumb Code     0  libinit2.o(.ARM.Collect$$libinit$$00000030)
    __rt_lib_init_argv_1                     0x0800018f   Thumb Code     0  libinit2.o(.ARM.Collect$$libinit$$0000002E)
    __rt_lib_init_atexit_1                   0x0800018f   Thumb Code     0  libinit2.o(.ARM.Collect$$libinit$$0000001D)
    __rt_lib_init_clock_1                    0x0800018f   Thumb Code     0  libinit2.o(.ARM.Collect$$libinit$$00000023)
    __rt_lib_init_cpp_1                      0x0800018f   Thumb Code     0  libinit2.o(.ARM.Collect$$libinit$$00000034)
    __rt_lib_init_exceptions_1               0x0800018f   Thumb Code     0  libinit2.o(.ARM.Collect$$libinit$$00000032)
    __rt_lib_init_fp_1                       0x0800018f   Thumb Code     0  libinit2.o(.ARM.Collect$$libinit$$00000002)
    __rt_lib_init_fp_trap_1                  0x0800018f   Thumb Code     0  libinit2.o(.ARM.Collect$$libinit$$00000021)
    __rt_lib_init_getenv_1                   0x0800018f   Thumb Code     0  libinit2.o(.ARM.Collect$$libinit$$00000025)
    __rt_lib_init_heap_1                     0x0800018f   Thumb Code     0  libinit2.o(.ARM.Collect$$libinit$$0000000C)
    __rt_lib_init_lc_collate_1               0x0800018f   Thumb Code     0  libinit2.o(.ARM.Collect$$libinit$$00000013)
    __rt_lib_init_lc_ctype_1                 0x0800018f   Thumb Code     0  libinit2.o(.ARM.Collect$$libinit$$00000015)
    __rt_lib_init_lc_monetary_1              0x0800018f   Thumb Code     0  libinit2.o(.ARM.Collect$$libinit$$00000017)
    __rt_lib_init_lc_numeric_1               0x0800018f   Thumb Code     0  libinit2.o(.ARM.Collect$$libinit$$00000019)
    __rt_lib_init_lc_time_1                  0x0800018f   Thumb Code     0  libinit2.o(.ARM.Collect$$libinit$$0000001B)
    __rt_lib_init_preinit_1                  0x0800018f   Thumb Code     0  libinit2.o(.ARM.Collect$$libinit$$00000006)
    __rt_lib_init_rand_1                     0x0800018f   Thumb Code     0  libinit2.o(.ARM.Collect$$libinit$$00000010)
    __rt_lib_init_relocate_pie_1             0x0800018f   Thumb Code     0  libinit2.o(.ARM.Collect$$libinit$$00000004)
    __rt_lib_init_return                     0x0800018f   Thumb Code     0  libinit2.o(.ARM.Collect$$libinit$$00000035)
    __rt_lib_init_signal_1                   0x0800018f   Thumb Code     0  libinit2.o(.ARM.Collect$$libinit$$0000001F)
    __rt_lib_init_stdio_1                    0x0800018f   Thumb Code     0  libinit2.o(.ARM.Collect$$libinit$$00000027)
    __rt_lib_init_user_alloc_1               0x0800018f   Thumb Code     0  libinit2.o(.ARM.Collect$$libinit$$0000000E)
    __rt_lib_shutdown                        0x08000191   Thumb Code     0  libshutdown.o(.ARM.Collect$$libshutdown$$00000000)
    __rt_lib_shutdown_cpp_1                  0x08000193   Thumb Code     0  libshutdown2.o(.ARM.Collect$$libshutdown$$00000002)
    __rt_lib_shutdown_fp_trap_1              0x08000193   Thumb Code     0  libshutdown2.o(.ARM.Collect$$libshutdown$$00000007)
    __rt_lib_shutdown_heap_1                 0x08000193   Thumb Code     0  libshutdown2.o(.ARM.Collect$$libshutdown$$0000000F)
    __rt_lib_shutdown_return                 0x08000193   Thumb Code     0  libshutdown2.o(.ARM.Collect$$libshutdown$$00000010)
    __rt_lib_shutdown_signal_1               0x08000193   Thumb Code     0  libshutdown2.o(.ARM.Collect$$libshutdown$$0000000A)
    __rt_lib_shutdown_stdio_1                0x08000193   Thumb Code     0  libshutdown2.o(.ARM.Collect$$libshutdown$$00000004)
    __rt_lib_shutdown_user_alloc_1           0x08000193   Thumb Code     0  libshutdown2.o(.ARM.Collect$$libshutdown$$0000000C)
    __rt_entry                               0x08000195   Thumb Code     0  __rtentry.o(.ARM.Collect$$rtentry$$00000000)
    __rt_entry_presh_1                       0x08000195   Thumb Code     0  __rtentry2.o(.ARM.Collect$$rtentry$$00000002)
    __rt_entry_sh                            0x08000195   Thumb Code     0  __rtentry4.o(.ARM.Collect$$rtentry$$00000004)
    __rt_entry_li                            0x0800019b   Thumb Code     0  __rtentry2.o(.ARM.Collect$$rtentry$$0000000A)
    __rt_entry_postsh_1                      0x0800019b   Thumb Code     0  __rtentry2.o(.ARM.Collect$$rtentry$$00000009)
    __rt_entry_main                          0x0800019f   Thumb Code     0  __rtentry2.o(.ARM.Collect$$rtentry$$0000000D)
    __rt_entry_postli_1                      0x0800019f   Thumb Code     0  __rtentry2.o(.ARM.Collect$$rtentry$$0000000C)
    __rt_exit                                0x080001a7   Thumb Code     0  rtexit.o(.ARM.Collect$$rtexit$$00000000)
    __rt_exit_ls                             0x080001a9   Thumb Code     0  rtexit2.o(.ARM.Collect$$rtexit$$00000003)
    __rt_exit_prels_1                        0x080001a9   Thumb Code     0  rtexit2.o(.ARM.Collect$$rtexit$$00000002)
    __rt_exit_exit                           0x080001ad   Thumb Code     0  rtexit2.o(.ARM.Collect$$rtexit$$00000004)
    Reset_Handler                            0x080001b5   Thumb Code     4  startup_stm32f10x_md.o(.text)
    NMI_Handler                              0x080001b9   Thumb Code     2  startup_stm32f10x_md.o(.text)
    HardFault_Handler                        0x080001bb   Thumb Code     2  startup_stm32f10x_md.o(.text)
    MemManage_Handler                        0x080001bd   Thumb Code     2  startup_stm32f10x_md.o(.text)
    BusFault_Handler                         0x080001bf   Thumb Code     2  startup_stm32f10x_md.o(.text)
    UsageFault_Handler                       0x080001c1   Thumb Code     2  startup_stm32f10x_md.o(.text)
    SVC_Handler                              0x080001c3   Thumb Code     2  startup_stm32f10x_md.o(.text)
    DebugMon_Handler                         0x080001c5   Thumb Code     2  startup_stm32f10x_md.o(.text)
    PendSV_Handler                           0x080001c7   Thumb Code     2  startup_stm32f10x_md.o(.text)
    SysTick_Handler                          0x080001c9   Thumb Code     2  startup_stm32f10x_md.o(.text)
    ADC1_2_IRQHandler                        0x080001cb   Thumb Code     0  startup_stm32f10x_md.o(.text)
    CAN1_RX1_IRQHandler                      0x080001cb   Thumb Code     0  startup_stm32f10x_md.o(.text)
    DMA1_Channel1_IRQHandler                 0x080001cb   Thumb Code     0  startup_stm32f10x_md.o(.text)
    DMA1_Channel2_IRQHandler                 0x080001cb   Thumb Code     0  startup_stm32f10x_md.o(.text)
    DMA1_Channel3_IRQHandler                 0x080001cb   Thumb Code     0  startup_stm32f10x_md.o(.text)
    DMA1_Channel5_IRQHandler                 0x080001cb   Thumb Code     0  startup_stm32f10x_md.o(.text)
    DMA1_Channel6_IRQHandler                 0x080001cb   Thumb Code     0  startup_stm32f10x_md.o(.text)
    DMA1_Channel7_IRQHandler                 0x080001cb   Thumb Code     0  startup_stm32f10x_md.o(.text)
    EXTI0_IRQHandler                         0x080001cb   Thumb Code     0  startup_stm32f10x_md.o(.text)
    EXTI15_10_IRQHandler                     0x080001cb   Thumb Code     0  startup_stm32f10x_md.o(.text)
    EXTI1_IRQHandler                         0x080001cb   Thumb Code     0  startup_stm32f10x_md.o(.text)
    EXTI2_IRQHandler                         0x080001cb   Thumb Code     0  startup_stm32f10x_md.o(.text)
    EXTI3_IRQHandler                         0x080001cb   Thumb Code     0  startup_stm32f10x_md.o(.text)
    EXTI4_IRQHandler                         0x080001cb   Thumb Code     0  startup_stm32f10x_md.o(.text)
    EXTI9_5_IRQHandler                       0x080001cb   Thumb Code     0  startup_stm32f10x_md.o(.text)
    FLASH_IRQHandler                         0x080001cb   Thumb Code     0  startup_stm32f10x_md.o(.text)
    I2C1_ER_IRQHandler                       0x080001cb   Thumb Code     0  startup_stm32f10x_md.o(.text)
    I2C1_EV_IRQHandler                       0x080001cb   Thumb Code     0  startup_stm32f10x_md.o(.text)
    I2C2_ER_IRQHandler                       0x080001cb   Thumb Code     0  startup_stm32f10x_md.o(.text)
    I2C2_EV_IRQHandler                       0x080001cb   Thumb Code     0  startup_stm32f10x_md.o(.text)
    PVD_IRQHandler                           0x080001cb   Thumb Code     0  startup_stm32f10x_md.o(.text)
    RCC_IRQHandler                           0x080001cb   Thumb Code     0  startup_stm32f10x_md.o(.text)
    RTCAlarm_IRQHandler                      0x080001cb   Thumb Code     0  startup_stm32f10x_md.o(.text)
    RTC_IRQHandler                           0x080001cb   Thumb Code     0  startup_stm32f10x_md.o(.text)
    SPI1_IRQHandler                          0x080001cb   Thumb Code     0  startup_stm32f10x_md.o(.text)
    SPI2_IRQHandler                          0x080001cb   Thumb Code     0  startup_stm32f10x_md.o(.text)
    TAMPER_IRQHandler                        0x080001cb   Thumb Code     0  startup_stm32f10x_md.o(.text)
    TIM1_BRK_IRQHandler                      0x080001cb   Thumb Code     0  startup_stm32f10x_md.o(.text)
    TIM1_CC_IRQHandler                       0x080001cb   Thumb Code     0  startup_stm32f10x_md.o(.text)
    TIM1_TRG_COM_IRQHandler                  0x080001cb   Thumb Code     0  startup_stm32f10x_md.o(.text)
    TIM1_UP_IRQHandler                       0x080001cb   Thumb Code     0  startup_stm32f10x_md.o(.text)
    TIM3_IRQHandler                          0x080001cb   Thumb Code     0  startup_stm32f10x_md.o(.text)
    TIM4_IRQHandler                          0x080001cb   Thumb Code     0  startup_stm32f10x_md.o(.text)
    USART2_IRQHandler                        0x080001cb   Thumb Code     0  startup_stm32f10x_md.o(.text)
    USART3_IRQHandler                        0x080001cb   Thumb Code     0  startup_stm32f10x_md.o(.text)
    USBWakeUp_IRQHandler                     0x080001cb   Thumb Code     0  startup_stm32f10x_md.o(.text)
    USB_HP_CAN1_TX_IRQHandler                0x080001cb   Thumb Code     0  startup_stm32f10x_md.o(.text)
    WWDG_IRQHandler                          0x080001cb   Thumb Code     0  startup_stm32f10x_md.o(.text)
    __user_initial_stackheap                 0x080001cd   Thumb Code     0  startup_stm32f10x_md.o(.text)
    __aeabi_memcpy                           0x080001ed   Thumb Code     0  rt_memcpy_v6.o(.text)
    __rt_memcpy                              0x080001ed   Thumb Code   138  rt_memcpy_v6.o(.text)
    _memcpy_lastbytes                        0x08000253   Thumb Code     0  rt_memcpy_v6.o(.text)
    __use_two_region_memory                  0x08000277   Thumb Code     2  heapauxi.o(.text)
    __rt_heap_escrow$2region                 0x08000279   Thumb Code     2  heapauxi.o(.text)
    __rt_heap_expand$2region                 0x0800027b   Thumb Code     2  heapauxi.o(.text)
    __aeabi_memcpy4                          0x0800027d   Thumb Code     0  rt_memcpy_w.o(.text)
    __aeabi_memcpy8                          0x0800027d   Thumb Code     0  rt_memcpy_w.o(.text)
    __rt_memcpy_w                            0x0800027d   Thumb Code   100  rt_memcpy_w.o(.text)
    _memcpy_lastbytes_aligned                0x080002c5   Thumb Code     0  rt_memcpy_w.o(.text)
    __user_setup_stackheap                   0x080002e1   Thumb Code    74  sys_stackheap_outer.o(.text)
    exit                                     0x0800032b   Thumb Code    18  exit.o(.text)
    __user_libspace                          0x0800033d   Thumb Code     8  libspace.o(.text)
    __user_perproc_libspace                  0x0800033d   Thumb Code     0  libspace.o(.text)
    __user_perthread_libspace                0x0800033d   Thumb Code     0  libspace.o(.text)
    _sys_exit                                0x08000345   Thumb Code     8  sys_exit.o(.text)
    __I$use$semihosting                      0x08000351   Thumb Code     0  use_no_semi.o(.text)
    __use_no_semihosting_swi                 0x08000351   Thumb Code     2  use_no_semi.o(.text)
    __semihosting_library_function           0x08000353   Thumb Code     0  indicate_semi.o(.text)
    ADC1_CH0_Init                            0x08000355   Thumb Code   192  adc.o(.text.ADC1_CH0_Init)
    CAN1_Init                                0x08000415   Thumb Code   422  can.o(.text.CAN1_Init)
    CAN1_Process_Frame                       0x080005bd   Thumb Code   312  can.o(.text.CAN1_Process_Frame)
    CAN1_Receive                             0x080006f5   Thumb Code   270  can.o(.text.CAN1_Receive)
    CAN1_SCE_IRQHandler                      0x08000805   Thumb Code   108  can.o(.text.CAN1_SCE_IRQHandler)
    CAN1_Send                                0x08000871   Thumb Code   274  can.o(.text.CAN1_Send)
    DMA1_Channel4_IRQHandler                 0x08000985   Thumb Code   114  dma.o(.text.DMA1_Channel4_IRQHandler)
    DMA_ADC1_Init                            0x080009f9   Thumb Code   172  dma.o(.text.DMA_ADC1_Init)
    DMA_ADC1_Process                         0x08000aa5   Thumb Code    56  main.o(.text.DMA_ADC1_Process)
    DMA_USART1_Init                          0x08000add   Thumb Code   128  dma.o(.text.DMA_USART1_Init)
    DMA_USART1_Start                         0x08000b5d   Thumb Code   142  dma.o(.text.DMA_USART1_Start)
    GPIO_Config                              0x08000bed   Thumb Code   276  gpio.o(.text.GPIO_Config)
    GPIO_Read_Pin                            0x08000d01   Thumb Code    28  gpio.o(.text.GPIO_Read_Pin)
    NVIC_CAN1_En                             0x08000d1d   Thumb Code    26  can.o(.text.NVIC_CAN1_En)
    NVIC_DMA_USART_En                        0x08000d39   Thumb Code    18  exti.o(.text.NVIC_DMA_USART_En)
    NVIC_USART1_En                           0x08000d4d   Thumb Code    18  exti.o(.text.NVIC_USART1_En)
    RCC_Config_8Mhz                          0x08000d61   Thumb Code   128  rcc.o(.text.RCC_Config_8Mhz)
    RCC_Enable_ADC1                          0x08000de1   Thumb Code    18  rcc.o(.text.RCC_Enable_ADC1)
    RCC_Enable_AFIO                          0x08000df5   Thumb Code    18  rcc.o(.text.RCC_Enable_AFIO)
    RCC_Enable_CAN1                          0x08000e09   Thumb Code    18  rcc.o(.text.RCC_Enable_CAN1)
    RCC_Enable_DMA                           0x08000e1d   Thumb Code    18  rcc.o(.text.RCC_Enable_DMA)
    RCC_Enable_PortA                         0x08000e31   Thumb Code    18  rcc.o(.text.RCC_Enable_PortA)
    RCC_Enable_Tim2                          0x08000e45   Thumb Code    18  rcc.o(.text.RCC_Enable_Tim2)
    RCC_Enable_USART1                        0x08000e59   Thumb Code    18  rcc.o(.text.RCC_Enable_USART1)
    TIM2_IRQHandler                          0x08000e6d   Thumb Code    76  tim.o(.text.TIM2_IRQHandler)
    USART1_IRQHandler                        0x08000fc5   Thumb Code    64  uart.o(.text.USART1_IRQHandler)
    USART1_Init                              0x08001005   Thumb Code   168  uart.o(.text.USART1_Init)
    USART1_SendChar                          0x080010ad   Thumb Code    46  uart.o(.text.USART1_SendChar)
    USB_LP_CAN1_RX0_IRQHandler               0x080010dd   Thumb Code    46  can.o(.text.USB_LP_CAN1_RX0_IRQHandler)
    VESC_SET_CURRENT_BRAKE                   0x0800110d   Thumb Code   114  can.o(.text.VESC_SET_CURRENT_BRAKE)
    delay_ms                                 0x08001181   Thumb Code    94  tim.o(.text.delay_ms)
    main                                     0x080011e1   Thumb Code   968  main.o(.text.main)
    __aeabi_fadd                             0x080015a9   Thumb Code     0  faddsub_clz.o(x$fpl$fadd)
    _fadd                                    0x080015a9   Thumb Code   196  faddsub_clz.o(x$fpl$fadd)
    __aeabi_fcmpeq                           0x0800166d   Thumb Code     0  fcmp.o(x$fpl$fcmp)
    _feq                                     0x0800166d   Thumb Code    14  fcmp.o(x$fpl$fcmp)
    _fneq                                    0x0800167b   Thumb Code    14  fcmp.o(x$fpl$fcmp)
    __aeabi_fcmpgt                           0x08001689   Thumb Code     0  fcmp.o(x$fpl$fcmp)
    _fgr                                     0x08001689   Thumb Code    14  fcmp.o(x$fpl$fcmp)
    __aeabi_fcmpge                           0x08001697   Thumb Code     0  fcmp.o(x$fpl$fcmp)
    _fgeq                                    0x08001697   Thumb Code    14  fcmp.o(x$fpl$fcmp)
    __aeabi_fcmple                           0x080016a5   Thumb Code     0  fcmp.o(x$fpl$fcmp)
    _fleq                                    0x080016a5   Thumb Code    14  fcmp.o(x$fpl$fcmp)
    __aeabi_fcmplt                           0x080016b3   Thumb Code     0  fcmp.o(x$fpl$fcmp)
    _fls                                     0x080016b3   Thumb Code    14  fcmp.o(x$fpl$fcmp)
    __fpl_fcmp_Inf                           0x080016c1   Thumb Code    24  fcmpi.o(x$fpl$fcmpinf)
    __aeabi_fdiv                             0x080016d9   Thumb Code     0  fdiv.o(x$fpl$fdiv)
    _fdiv                                    0x080016d9   Thumb Code   384  fdiv.o(x$fpl$fdiv)
    __aeabi_cfcmpeq                          0x0800185d   Thumb Code     0  feqf.o(x$fpl$feqf)
    _fcmpeq                                  0x0800185d   Thumb Code   104  feqf.o(x$fpl$feqf)
    __aeabi_f2uiz                            0x080018c5   Thumb Code     0  ffixu.o(x$fpl$ffixu)
    _ffixu                                   0x080018c5   Thumb Code    62  ffixu.o(x$fpl$ffixu)
    __aeabi_i2f                              0x08001905   Thumb Code     0  fflt_clz.o(x$fpl$fflt)
    _fflt                                    0x08001905   Thumb Code    48  fflt_clz.o(x$fpl$fflt)
    __aeabi_ui2f                             0x08001935   Thumb Code     0  fflt_clz.o(x$fpl$ffltu)
    _ffltu                                   0x08001935   Thumb Code    38  fflt_clz.o(x$fpl$ffltu)
    _fcmpge                                  0x0800195d   Thumb Code   104  fgeqf.o(x$fpl$fgeqf)
    __aeabi_cfcmple                          0x080019c5   Thumb Code     0  fleqf.o(x$fpl$fleqf)
    _fcmple                                  0x080019c5   Thumb Code   104  fleqf.o(x$fpl$fleqf)
    __fpl_fcmple_InfNaN                      0x08001a17   Thumb Code     0  fleqf.o(x$fpl$fleqf)
    __aeabi_fmul                             0x08001a2d   Thumb Code     0  fmul.o(x$fpl$fmul)
    _fmul                                    0x08001a2d   Thumb Code   258  fmul.o(x$fpl$fmul)
    __fpl_fnaninf                            0x08001b2f   Thumb Code   140  fnaninf.o(x$fpl$fnaninf)
    __fpl_fretinf                            0x08001bbb   Thumb Code    10  fretinf.o(x$fpl$fretinf)
    __aeabi_fsub                             0x08001bc5   Thumb Code     0  faddsub_clz.o(x$fpl$fsub)
    _fsub                                    0x08001bc5   Thumb Code   234  faddsub_clz.o(x$fpl$fsub)
    __I$use$fp                               0x08001cae   Number         0  usenofp.o(x$fpl$usenofp)
    Region$$Table$$Base                      0x08001cb0   Number         0  anon$$obj.o(Region$$Table)
    Region$$Table$$Limit                     0x08001cd0   Number         0  anon$$obj.o(Region$$Table)
    Sens                                     0x20000000   Data           4  main.o(.data.Sens)
    v_offset                                 0x20000004   Data           4  main.o(.data.v_offset)
    __libspace_start                         0x20000008   Data          96  libspace.o(.bss)
    __temporary_stack_top$libspace           0x20000068   Data           0  libspace.o(.bss)
    CAN1_LastESR                             0x2000009c   Data           4  can.o(.bss.CAN1_LastESR)
    CAN1_LastErr                             0x200000a0   Data           4  can.o(.bss.CAN1_LastErr)
    Current_H                                0x200000a4   Data           4  main.o(.bss.Current_H)
    Current_In_H                             0x200000a8   Data           4  main.o(.bss.Current_In_H)
    Current_In_L                             0x200000ac   Data           4  main.o(.bss.Current_In_L)
    Current_L                                0x200000b0   Data           4  main.o(.bss.Current_L)
    Duty_Cycle_H                             0x200000b4   Data           4  main.o(.bss.Duty_Cycle_H)
    Duty_Cycle_L                             0x200000b8   Data           4  main.o(.bss.Duty_Cycle_L)
    ERPM_H                                   0x200000bc   Data           4  main.o(.bss.ERPM_H)
    ERPM_L                                   0x200000c0   Data           4  main.o(.bss.ERPM_L)
    Num_Load_Level                           0x200000c4   Data           1  main.o(.bss.Num_Load_Level)
    RPM_H                                    0x200000c8   Data           4  main.o(.bss.RPM_H)
    Speed_Kpm                                0x200000cc   Data           4  main.o(.bss.Speed_Kpm)
    Status_Hub                               0x200000d0   Data          40  can.o(.bss.Status_Hub)
    Status_Load                              0x200000f8   Data          40  can.o(.bss.Status_Load)
    Volts_In_H                               0x20000120   Data           4  main.o(.bss.Volts_In_H)
    Volts_In_L                               0x20000124   Data           4  main.o(.bss.Volts_In_L)
    blink_status                             0x200001f0   Data           1  tim.o(.bss.blink_status)
    torque_Nm                                0x200001f4   Data           4  main.o(.bss.torque_Nm)



==============================================================================

Memory Map of the image

  Image Entry point : 0x080000ed

  Load Region LR_IROM1 (Base: 0x08000000, Size: 0x00001cd8, Max: 0x00020000, ABSOLUTE)

    Execution Region ER_IROM1 (Exec base: 0x08000000, Load base: 0x08000000, Size: 0x00001cd0, Max: 0x00020000, ABSOLUTE)

    Exec Addr    Load Addr    Size         Type   Attr      Idx    E Section Name        Object

    0x08000000   0x08000000   0x000000ec   Data   RO          181    RESET               startup_stm32f10x_md.o
    0x080000ec   0x080000ec   0x00000008   Code   RO          211  * !!!main             c_w.l(__main.o)
    0x080000f4   0x080000f4   0x0000005c   Code   RO          415    !!!scatter          c_w.l(__scatter.o)
    0x08000150   0x08000150   0x0000001a   Code   RO          419    !!handler_copy      c_w.l(__scatter_copy.o)
    0x0800016a   0x0800016a   0x00000002   PAD
    0x0800016c   0x0800016c   0x00000002   Code   RO          416    !!handler_null      c_w.l(__scatter.o)
    0x0800016e   0x0800016e   0x00000002   PAD
    0x08000170   0x08000170   0x0000001c   Code   RO          421    !!handler_zi        c_w.l(__scatter_zi.o)
    0x0800018c   0x0800018c   0x00000002   Code   RO          277    .ARM.Collect$$libinit$$00000000  c_w.l(libinit.o)
    0x0800018e   0x0800018e   0x00000000   Code   RO          284    .ARM.Collect$$libinit$$00000002  c_w.l(libinit2.o)
    0x0800018e   0x0800018e   0x00000000   Code   RO          286    .ARM.Collect$$libinit$$00000004  c_w.l(libinit2.o)
    0x0800018e   0x0800018e   0x00000000   Code   RO          288    .ARM.Collect$$libinit$$00000006  c_w.l(libinit2.o)
    0x0800018e   0x0800018e   0x00000000   Code   RO          291    .ARM.Collect$$libinit$$0000000C  c_w.l(libinit2.o)
    0x0800018e   0x0800018e   0x00000000   Code   RO          293    .ARM.Collect$$libinit$$0000000E  c_w.l(libinit2.o)
    0x0800018e   0x0800018e   0x00000000   Code   RO          295    .ARM.Collect$$libinit$$00000010  c_w.l(libinit2.o)
    0x0800018e   0x0800018e   0x00000000   Code   RO          298    .ARM.Collect$$libinit$$00000013  c_w.l(libinit2.o)
    0x0800018e   0x0800018e   0x00000000   Code   RO          300    .ARM.Collect$$libinit$$00000015  c_w.l(libinit2.o)
    0x0800018e   0x0800018e   0x00000000   Code   RO          302    .ARM.Collect$$libinit$$00000017  c_w.l(libinit2.o)
    0x0800018e   0x0800018e   0x00000000   Code   RO          304    .ARM.Collect$$libinit$$00000019  c_w.l(libinit2.o)
    0x0800018e   0x0800018e   0x00000000   Code   RO          306    .ARM.Collect$$libinit$$0000001B  c_w.l(libinit2.o)
    0x0800018e   0x0800018e   0x00000000   Code   RO          308    .ARM.Collect$$libinit$$0000001D  c_w.l(libinit2.o)
    0x0800018e   0x0800018e   0x00000000   Code   RO          310    .ARM.Collect$$libinit$$0000001F  c_w.l(libinit2.o)
    0x0800018e   0x0800018e   0x00000000   Code   RO          312    .ARM.Collect$$libinit$$00000021  c_w.l(libinit2.o)
    0x0800018e   0x0800018e   0x00000000   Code   RO          314    .ARM.Collect$$libinit$$00000023  c_w.l(libinit2.o)
    0x0800018e   0x0800018e   0x00000000   Code   RO          316    .ARM.Collect$$libinit$$00000025  c_w.l(libinit2.o)
    0x0800018e   0x0800018e   0x00000000   Code   RO          318    .ARM.Collect$$libinit$$00000027  c_w.l(libinit2.o)
    0x0800018e   0x0800018e   0x00000000   Code   RO          322    .ARM.Collect$$libinit$$0000002E  c_w.l(libinit2.o)
    0x0800018e   0x0800018e   0x00000000   Code   RO          324    .ARM.Collect$$libinit$$00000030  c_w.l(libinit2.o)
    0x0800018e   0x0800018e   0x00000000   Code   RO          326    .ARM.Collect$$libinit$$00000032  c_w.l(libinit2.o)
    0x0800018e   0x0800018e   0x00000000   Code   RO          328    .ARM.Collect$$libinit$$00000034  c_w.l(libinit2.o)
    0x0800018e   0x0800018e   0x00000002   Code   RO          329    .ARM.Collect$$libinit$$00000035  c_w.l(libinit2.o)
    0x08000190   0x08000190   0x00000002   Code   RO          351    .ARM.Collect$$libshutdown$$00000000  c_w.l(libshutdown.o)
    0x08000192   0x08000192   0x00000000   Code   RO          366    .ARM.Collect$$libshutdown$$00000002  c_w.l(libshutdown2.o)
    0x08000192   0x08000192   0x00000000   Code   RO          368    .ARM.Collect$$libshutdown$$00000004  c_w.l(libshutdown2.o)
    0x08000192   0x08000192   0x00000000   Code   RO          371    .ARM.Collect$$libshutdown$$00000007  c_w.l(libshutdown2.o)
    0x08000192   0x08000192   0x00000000   Code   RO          374    .ARM.Collect$$libshutdown$$0000000A  c_w.l(libshutdown2.o)
    0x08000192   0x08000192   0x00000000   Code   RO          376    .ARM.Collect$$libshutdown$$0000000C  c_w.l(libshutdown2.o)
    0x08000192   0x08000192   0x00000000   Code   RO          379    .ARM.Collect$$libshutdown$$0000000F  c_w.l(libshutdown2.o)
    0x08000192   0x08000192   0x00000002   Code   RO          380    .ARM.Collect$$libshutdown$$00000010  c_w.l(libshutdown2.o)
    0x08000194   0x08000194   0x00000000   Code   RO          237    .ARM.Collect$$rtentry$$00000000  c_w.l(__rtentry.o)
    0x08000194   0x08000194   0x00000000   Code   RO          252    .ARM.Collect$$rtentry$$00000002  c_w.l(__rtentry2.o)
    0x08000194   0x08000194   0x00000006   Code   RO          264    .ARM.Collect$$rtentry$$00000004  c_w.l(__rtentry4.o)
    0x0800019a   0x0800019a   0x00000000   Code   RO          254    .ARM.Collect$$rtentry$$00000009  c_w.l(__rtentry2.o)
    0x0800019a   0x0800019a   0x00000004   Code   RO          255    .ARM.Collect$$rtentry$$0000000A  c_w.l(__rtentry2.o)
    0x0800019e   0x0800019e   0x00000000   Code   RO          257    .ARM.Collect$$rtentry$$0000000C  c_w.l(__rtentry2.o)
    0x0800019e   0x0800019e   0x00000008   Code   RO          258    .ARM.Collect$$rtentry$$0000000D  c_w.l(__rtentry2.o)
    0x080001a6   0x080001a6   0x00000002   Code   RO          281    .ARM.Collect$$rtexit$$00000000  c_w.l(rtexit.o)
    0x080001a8   0x080001a8   0x00000000   Code   RO          331    .ARM.Collect$$rtexit$$00000002  c_w.l(rtexit2.o)
    0x080001a8   0x080001a8   0x00000004   Code   RO          332    .ARM.Collect$$rtexit$$00000003  c_w.l(rtexit2.o)
    0x080001ac   0x080001ac   0x00000006   Code   RO          333    .ARM.Collect$$rtexit$$00000004  c_w.l(rtexit2.o)
    0x080001b2   0x080001b2   0x00000002   PAD
    0x080001b4   0x080001b4   0x00000038   Code   RO          182    .text               startup_stm32f10x_md.o
    0x080001ec   0x080001ec   0x0000008a   Code   RO          207    .text               c_w.l(rt_memcpy_v6.o)
    0x08000276   0x08000276   0x00000006   Code   RO          209    .text               c_w.l(heapauxi.o)
    0x0800027c   0x0800027c   0x00000064   Code   RO          238    .text               c_w.l(rt_memcpy_w.o)
    0x080002e0   0x080002e0   0x0000004a   Code   RO          268    .text               c_w.l(sys_stackheap_outer.o)
    0x0800032a   0x0800032a   0x00000012   Code   RO          270    .text               c_w.l(exit.o)
    0x0800033c   0x0800033c   0x00000008   Code   RO          278    .text               c_w.l(libspace.o)
    0x08000344   0x08000344   0x0000000c   Code   RO          341    .text               c_w.l(sys_exit.o)
    0x08000350   0x08000350   0x00000002   Code   RO          356    .text               c_w.l(use_no_semi.o)
    0x08000352   0x08000352   0x00000000   Code   RO          358    .text               c_w.l(indicate_semi.o)
    0x08000352   0x08000352   0x00000002   PAD
    0x08000354   0x08000354   0x000000c0   Code   RO          107    .text.ADC1_CH0_Init  adc.o
    0x08000414   0x08000414   0x000001a6   Code   RO          133    .text.CAN1_Init     can.o
    0x080005ba   0x080005ba   0x00000002   PAD
    0x080005bc   0x080005bc   0x00000138   Code   RO          143    .text.CAN1_Process_Frame  can.o
    0x080006f4   0x080006f4   0x0000010e   Code   RO          141    .text.CAN1_Receive  can.o
    0x08000802   0x08000802   0x00000002   PAD
    0x08000804   0x08000804   0x0000006c   Code   RO          147    .text.CAN1_SCE_IRQHandler  can.o
    0x08000870   0x08000870   0x00000112   Code   RO          137    .text.CAN1_Send     can.o
    0x08000982   0x08000982   0x00000002   PAD
    0x08000984   0x08000984   0x00000072   Code   RO          170    .text.DMA1_Channel4_IRQHandler  dma.o
    0x080009f6   0x080009f6   0x00000002   PAD
    0x080009f8   0x080009f8   0x000000ac   Code   RO          164    .text.DMA_ADC1_Init  dma.o
    0x08000aa4   0x08000aa4   0x00000038   Code   RO            2    .text.DMA_ADC1_Process  main.o
    0x08000adc   0x08000adc   0x00000080   Code   RO          166    .text.DMA_USART1_Init  dma.o
    0x08000b5c   0x08000b5c   0x0000008e   Code   RO          168    .text.DMA_USART1_Start  dma.o
    0x08000bea   0x08000bea   0x00000002   PAD
    0x08000bec   0x08000bec   0x00000114   Code   RO           64    .text.GPIO_Config   gpio.o
    0x08000d00   0x08000d00   0x0000001c   Code   RO           68    .text.GPIO_Read_Pin  gpio.o
    0x08000d1c   0x08000d1c   0x0000001a   Code   RO          135    .text.NVIC_CAN1_En  can.o
    0x08000d36   0x08000d36   0x00000002   PAD
    0x08000d38   0x08000d38   0x00000012   Code   RO           84    .text.NVIC_DMA_USART_En  exti.o
    0x08000d4a   0x08000d4a   0x00000002   PAD
    0x08000d4c   0x08000d4c   0x00000012   Code   RO           82    .text.NVIC_USART1_En  exti.o
    0x08000d5e   0x08000d5e   0x00000002   PAD
    0x08000d60   0x08000d60   0x00000080   Code   RO           37    .text.RCC_Config_8Mhz  rcc.o
    0x08000de0   0x08000de0   0x00000012   Code   RO           49    .text.RCC_Enable_ADC1  rcc.o
    0x08000df2   0x08000df2   0x00000002   PAD
    0x08000df4   0x08000df4   0x00000012   Code   RO           47    .text.RCC_Enable_AFIO  rcc.o
    0x08000e06   0x08000e06   0x00000002   PAD
    0x08000e08   0x08000e08   0x00000012   Code   RO           53    .text.RCC_Enable_CAN1  rcc.o
    0x08000e1a   0x08000e1a   0x00000002   PAD
    0x08000e1c   0x08000e1c   0x00000012   Code   RO           55    .text.RCC_Enable_DMA  rcc.o
    0x08000e2e   0x08000e2e   0x00000002   PAD
    0x08000e30   0x08000e30   0x00000012   Code   RO           39    .text.RCC_Enable_PortA  rcc.o
    0x08000e42   0x08000e42   0x00000002   PAD
    0x08000e44   0x08000e44   0x00000012   Code   RO           45    .text.RCC_Enable_Tim2  rcc.o
    0x08000e56   0x08000e56   0x00000002   PAD
    0x08000e58   0x08000e58   0x00000012   Code   RO           51    .text.RCC_Enable_USART1  rcc.o
    0x08000e6a   0x08000e6a   0x00000002   PAD
    0x08000e6c   0x08000e6c   0x0000004c   Code   RO           95    .text.TIM2_IRQHandler  tim.o
    0x08000eb8   0x08000eb8   0x0000010a   Code   RO            6    .text.Telemetry_Send  main.o
    0x08000fc2   0x08000fc2   0x00000002   PAD
    0x08000fc4   0x08000fc4   0x00000040   Code   RO          118    .text.USART1_IRQHandler  uart.o
    0x08001004   0x08001004   0x000000a8   Code   RO          122    .text.USART1_Init   uart.o
    0x080010ac   0x080010ac   0x0000002e   Code   RO          120    .text.USART1_SendChar  uart.o
    0x080010da   0x080010da   0x00000002   PAD
    0x080010dc   0x080010dc   0x0000002e   Code   RO          145    .text.USB_LP_CAN1_RX0_IRQHandler  can.o
    0x0800110a   0x0800110a   0x00000002   PAD
    0x0800110c   0x0800110c   0x00000072   Code   RO          149    .text.VESC_SET_CURRENT_BRAKE  can.o
    0x0800117e   0x0800117e   0x00000002   PAD
    0x08001180   0x08001180   0x0000005e   Code   RO           97    .text.delay_ms      tim.o
    0x080011de   0x080011de   0x00000002   PAD
    0x080011e0   0x080011e0   0x000003c8   Code   RO            4    .text.main          main.o
    0x080015a8   0x080015a8   0x000000c4   Code   RO          213    x$fpl$fadd          fz_ws.l(faddsub_clz.o)
    0x0800166c   0x0800166c   0x00000054   Code   RO          219    x$fpl$fcmp          fz_ws.l(fcmp.o)
    0x080016c0   0x080016c0   0x00000018   Code   RO          266    x$fpl$fcmpinf       fz_ws.l(fcmpi.o)
    0x080016d8   0x080016d8   0x00000184   Code   RO          222    x$fpl$fdiv          fz_ws.l(fdiv.o)
    0x0800185c   0x0800185c   0x00000068   Code   RO          240    x$fpl$feqf          fz_ws.l(feqf.o)
    0x080018c4   0x080018c4   0x0000003e   Code   RO          225    x$fpl$ffixu         fz_ws.l(ffixu.o)
    0x08001902   0x08001902   0x00000002   PAD
    0x08001904   0x08001904   0x00000030   Code   RO          230    x$fpl$fflt          fz_ws.l(fflt_clz.o)
    0x08001934   0x08001934   0x00000026   Code   RO          229    x$fpl$ffltu         fz_ws.l(fflt_clz.o)
    0x0800195a   0x0800195a   0x00000002   PAD
    0x0800195c   0x0800195c   0x00000068   Code   RO          242    x$fpl$fgeqf         fz_ws.l(fgeqf.o)
    0x080019c4   0x080019c4   0x00000068   Code   RO          244    x$fpl$fleqf         fz_ws.l(fleqf.o)
    0x08001a2c   0x08001a2c   0x00000102   Code   RO          235    x$fpl$fmul          fz_ws.l(fmul.o)
    0x08001b2e   0x08001b2e   0x0000008c   Code   RO          246    x$fpl$fnaninf       fz_ws.l(fnaninf.o)
    0x08001bba   0x08001bba   0x0000000a   Code   RO          248    x$fpl$fretinf       fz_ws.l(fretinf.o)
    0x08001bc4   0x08001bc4   0x000000ea   Code   RO          215    x$fpl$fsub          fz_ws.l(faddsub_clz.o)
    0x08001cae   0x08001cae   0x00000000   Code   RO          250    x$fpl$usenofp       fz_ws.l(usenofp.o)
    0x08001cae   0x08001cae   0x00000002   PAD
    0x08001cb0   0x08001cb0   0x00000020   Data   RO          414    Region$$Table       anon$$obj.o


    Execution Region RW_IRAM1 (Exec base: 0x20000000, Load base: 0x08001cd0, Size: 0x00000830, Max: 0x00005000, ABSOLUTE)

    Exec Addr    Load Addr    Size         Type   Attr      Idx    E Section Name        Object

    0x20000000   0x08001cd0   0x00000004   Data   RW            9    .data.Sens          main.o
    0x20000004   0x08001cd4   0x00000004   Data   RW            8    .data.v_offset      main.o
    0x20000008        -       0x00000060   Zero   RW          279    .bss                c_w.l(libspace.o)
    0x20000068        -       0x00000034   Zero   RW           25    .bss.Buffer_data    main.o
    0x2000009c        -       0x00000004   Zero   RW          153    .bss.CAN1_LastESR   can.o
    0x200000a0        -       0x00000004   Zero   RW          154    .bss.CAN1_LastErr   can.o
    0x200000a4        -       0x00000004   Zero   RW           13    .bss.Current_H      main.o
    0x200000a8        -       0x00000004   Zero   RW           15    .bss.Current_In_H   main.o
    0x200000ac        -       0x00000004   Zero   RW           20    .bss.Current_In_L   main.o
    0x200000b0        -       0x00000004   Zero   RW           18    .bss.Current_L      main.o
    0x200000b4        -       0x00000004   Zero   RW           14    .bss.Duty_Cycle_H   main.o
    0x200000b8        -       0x00000004   Zero   RW           19    .bss.Duty_Cycle_L   main.o
    0x200000bc        -       0x00000004   Zero   RW           12    .bss.ERPM_H         main.o
    0x200000c0        -       0x00000004   Zero   RW           17    .bss.ERPM_L         main.o
    0x200000c4        -       0x00000001   Zero   RW           24    .bss.Num_Load_Level  main.o
    0x200000c5   0x08001cd8   0x00000003   PAD
    0x200000c8        -       0x00000004   Zero   RW           22    .bss.RPM_H          main.o
    0x200000cc        -       0x00000004   Zero   RW           23    .bss.Speed_Kpm      main.o
    0x200000d0        -       0x00000028   Zero   RW          151    .bss.Status_Hub     can.o
    0x200000f8        -       0x00000028   Zero   RW          152    .bss.Status_Load    can.o
    0x20000120        -       0x00000004   Zero   RW           16    .bss.Volts_In_H     main.o
    0x20000124        -       0x00000004   Zero   RW           21    .bss.Volts_In_L     main.o
    0x20000128        -       0x000000c8   Zero   RW           10    .bss.adc_value      main.o
    0x200001f0        -       0x00000001   Zero   RW           99    .bss.blink_status   tim.o
    0x200001f1        -       0x00000001   Zero   RW          172    .bss.dma_usart1_busy  dma.o
    0x200001f2   0x08001cd8   0x00000002   PAD
    0x200001f4        -       0x00000004   Zero   RW           11    .bss.torque_Nm      main.o
    0x200001f8        -       0x00000037   Zero   RW           26    .bss.tx_buffer      main.o
    0x2000022f   0x08001cd8   0x00000001   PAD
    0x20000230        -       0x00000200   Zero   RW          180    HEAP                startup_stm32f10x_md.o
    0x20000430        -       0x00000400   Zero   RW          179    STACK               startup_stm32f10x_md.o


==============================================================================

Image component sizes


      Code (inc. data)   RO Data    RW Data    ZI Data      Debug   Object Name

       192          0          0          0          0        775   adc.o
      1572         20          0          0         88       7212   can.o
       556          0          0          0          1       1424   dma.o
        36          0          0          0          0       4023   exti.o
       304          8          0          0          0       4142   gpio.o
      1290          0          0          8        360       5432   main.o
       254          0          0          0          0       5742   rcc.o
        56         22        236          0       1536        840   startup_stm32f10x_md.o
       170          0          0          0          1        903   tim.o
       278          0          0          0          0       4049   uart.o

    ----------------------------------------------------------------------
      4748         50        268          8       1992      34542   Object Totals
         0          0         32          0          0          0   (incl. Generated)
        40          0          0          0          6          0   (incl. Padding)

    ----------------------------------------------------------------------

      Code (inc. data)   RO Data    RW Data    ZI Data      Debug   Library Member Name

         8          0          0          0          0         68   __main.o
         0          0          0          0          0          0   __rtentry.o
        12          0          0          0          0          0   __rtentry2.o
         6          0          0          0          0          0   __rtentry4.o
        94          8          0          0          0          0   __scatter.o
        26          0          0          0          0          0   __scatter_copy.o
        28          0          0          0          0          0   __scatter_zi.o
        18          0          0          0          0         80   exit.o
         6          0          0          0          0        152   heapauxi.o
         0          0          0          0          0          0   indicate_semi.o
         2          0          0          0          0          0   libinit.o
         2          0          0          0          0          0   libinit2.o
         2          0          0          0          0          0   libshutdown.o
         2          0          0          0          0          0   libshutdown2.o
         8          4          0          0         96         68   libspace.o
       138          0          0          0          0         68   rt_memcpy_v6.o
       100          0          0          0          0         80   rt_memcpy_w.o
         2          0          0          0          0          0   rtexit.o
        10          0          0          0          0          0   rtexit2.o
        12          4          0          0          0         68   sys_exit.o
        74          0          0          0          0         80   sys_stackheap_outer.o
         2          0          0          0          0         68   use_no_semi.o
       430          8          0          0          0        168   faddsub_clz.o
        84          0          0          0          0        196   fcmp.o
        24          0          0          0          0         68   fcmpi.o
       388         76          0          0          0         96   fdiv.o
       104          4          0          0          0         84   feqf.o
        62          4          0          0          0         84   ffixu.o
        86          0          0          0          0        136   fflt_clz.o
       104          4          0          0          0         84   fgeqf.o
       104          4          0          0          0         84   fleqf.o
       258          4          0          0          0         84   fmul.o
       140          4          0          0          0         84   fnaninf.o
        10          0          0          0          0         68   fretinf.o
         0          0          0          0          0          0   usenofp.o

    ----------------------------------------------------------------------
      2360        124          0          0         96       1968   Library Totals
        14          0          0          0          0          0   (incl. Padding)

    ----------------------------------------------------------------------

      Code (inc. data)   RO Data    RW Data    ZI Data      Debug   Library Name

       552         16          0          0         96        732   c_w.l
      1794        108          0          0          0       1236   fz_ws.l

    ----------------------------------------------------------------------
      2360        124          0          0         96       1968   Library Totals

    ----------------------------------------------------------------------

==============================================================================


      Code (inc. data)   RO Data    RW Data    ZI Data      Debug   

      7108        174        268          8       2088      35478   Grand Totals
      7108        174        268          8       2088      35478   ELF Image Totals
      7108        174        268          8          0          0   ROM Totals

==============================================================================

    Total RO  Size (Code + RO Data)                 7376 (   7.20kB)
    Total RW  Size (RW Data + ZI Data)              2096 (   2.05kB)
    Total ROM Size (Code + RO Data + RW Data)       7384 (   7.21kB)

==============================================================================

